Archive member included to satisfy reference by file (symbol)

/home/igor/stm32cubeide/plugins/com.st.stm32cube.ide.mcu.externaltools.gnu-tools-for-stm32.7-2018-q2-update.linux64_1.4.0.202007081208/tools/bin/../lib/gcc/arm-none-eabi/7.3.1/../../../../arm-none-eabi/lib/thumb/v7-m/libc_nano.a(lib_a-errno.o)
                              Core/Src/syscalls.o (__errno)
/home/igor/stm32cubeide/plugins/com.st.stm32cube.ide.mcu.externaltools.gnu-tools-for-stm32.7-2018-q2-update.linux64_1.4.0.202007081208/tools/bin/../lib/gcc/arm-none-eabi/7.3.1/../../../../arm-none-eabi/lib/thumb/v7-m/libc_nano.a(lib_a-exit.o)
                              /home/igor/stm32cubeide/plugins/com.st.stm32cube.ide.mcu.externaltools.gnu-tools-for-stm32.7-2018-q2-update.linux64_1.4.0.202007081208/tools/bin/../lib/gcc/arm-none-eabi/7.3.1/../../../../arm-none-eabi/lib/thumb/v7-m/crt0.o (exit)
/home/igor/stm32cubeide/plugins/com.st.stm32cube.ide.mcu.externaltools.gnu-tools-for-stm32.7-2018-q2-update.linux64_1.4.0.202007081208/tools/bin/../lib/gcc/arm-none-eabi/7.3.1/../../../../arm-none-eabi/lib/thumb/v7-m/libc_nano.a(lib_a-impure.o)
                              /home/igor/stm32cubeide/plugins/com.st.stm32cube.ide.mcu.externaltools.gnu-tools-for-stm32.7-2018-q2-update.linux64_1.4.0.202007081208/tools/bin/../lib/gcc/arm-none-eabi/7.3.1/../../../../arm-none-eabi/lib/thumb/v7-m/libc_nano.a(lib_a-exit.o) (_global_impure_ptr)
/home/igor/stm32cubeide/plugins/com.st.stm32cube.ide.mcu.externaltools.gnu-tools-for-stm32.7-2018-q2-update.linux64_1.4.0.202007081208/tools/bin/../lib/gcc/arm-none-eabi/7.3.1/../../../../arm-none-eabi/lib/thumb/v7-m/libc_nano.a(lib_a-init.o)
                              /home/igor/stm32cubeide/plugins/com.st.stm32cube.ide.mcu.externaltools.gnu-tools-for-stm32.7-2018-q2-update.linux64_1.4.0.202007081208/tools/bin/../lib/gcc/arm-none-eabi/7.3.1/../../../../arm-none-eabi/lib/thumb/v7-m/crt0.o (__libc_init_array)
/home/igor/stm32cubeide/plugins/com.st.stm32cube.ide.mcu.externaltools.gnu-tools-for-stm32.7-2018-q2-update.linux64_1.4.0.202007081208/tools/bin/../lib/gcc/arm-none-eabi/7.3.1/../../../../arm-none-eabi/lib/thumb/v7-m/libc_nano.a(lib_a-memcpy-stub.o)
                              Middlewares/Third_Party/FreeRTOS/Source/CMSIS_RTOS_V2/cmsis_os2.o (memcpy)
/home/igor/stm32cubeide/plugins/com.st.stm32cube.ide.mcu.externaltools.gnu-tools-for-stm32.7-2018-q2-update.linux64_1.4.0.202007081208/tools/bin/../lib/gcc/arm-none-eabi/7.3.1/../../../../arm-none-eabi/lib/thumb/v7-m/libc_nano.a(lib_a-memset.o)
                              /home/igor/stm32cubeide/plugins/com.st.stm32cube.ide.mcu.externaltools.gnu-tools-for-stm32.7-2018-q2-update.linux64_1.4.0.202007081208/tools/bin/../lib/gcc/arm-none-eabi/7.3.1/../../../../arm-none-eabi/lib/thumb/v7-m/crt0.o (memset)
/home/igor/stm32cubeide/plugins/com.st.stm32cube.ide.mcu.externaltools.gnu-tools-for-stm32.7-2018-q2-update.linux64_1.4.0.202007081208/tools/bin/../lib/gcc/arm-none-eabi/7.3.1/thumb/v7-m/libgcc.a(_arm_addsubsf3.o)
                              Core/Src/main.o (__aeabi_fsub)
/home/igor/stm32cubeide/plugins/com.st.stm32cube.ide.mcu.externaltools.gnu-tools-for-stm32.7-2018-q2-update.linux64_1.4.0.202007081208/tools/bin/../lib/gcc/arm-none-eabi/7.3.1/thumb/v7-m/libgcc.a(_arm_muldivsf3.o)
                              Core/Src/main.o (__aeabi_fmul)
/home/igor/stm32cubeide/plugins/com.st.stm32cube.ide.mcu.externaltools.gnu-tools-for-stm32.7-2018-q2-update.linux64_1.4.0.202007081208/tools/bin/../lib/gcc/arm-none-eabi/7.3.1/thumb/v7-m/libgcc.a(_arm_cmpsf2.o)
                              Core/Src/main.o (__aeabi_fcmplt)
/home/igor/stm32cubeide/plugins/com.st.stm32cube.ide.mcu.externaltools.gnu-tools-for-stm32.7-2018-q2-update.linux64_1.4.0.202007081208/tools/bin/../lib/gcc/arm-none-eabi/7.3.1/thumb/v7-m/libgcc.a(_arm_fixunssfsi.o)
                              Core/Src/main.o (__aeabi_f2uiz)

Allocating common symbols
Common symbol       size              file

sFilterConfig       0x28              Core/Src/main.o
secondTaskHandle    0x4               Core/Src/main.o
tim1_tick           0x4               Core/Src/main.o
htim4               0x40              Core/Src/stm32f1xx_hal_timebase_tim.o
f                   0x2               Core/Src/main.o
hcan                0x28              Core/Src/main.o
uwTick              0x4               Drivers/STM32F1xx_HAL_Driver/Src/stm32f1xx_hal.o
xQueueRegistry      0x40              Middlewares/Third_Party/FreeRTOS/Source/queue.o
pFlash              0x20              Drivers/STM32F1xx_HAL_Driver/Src/stm32f1xx_hal_flash.o
firstTaskHandle     0x4               Core/Src/main.o
can_rx_side         0x1               Core/Src/main.o
can_tx_side         0x1               Core/Src/main.o
thirdTaskHandle     0x4               Core/Src/main.o
encoder_tick        0x2               Core/Src/main.o
can                 0x4               Core/Src/main.o
htim1               0x40              Core/Src/main.o
[...]
Memory Configuration

Name             Origin             Length             Attributes
RAM              0x0000000020000000 0x0000000000005000 xrw
FLASH            0x0000000008000000 0x0000000000010000 xr
*default*        0x0000000000000000 0xffffffffffffffff

Linker script and memory map

LOAD /home/igor/stm32cubeide/plugins/com.st.stm32cube.ide.mcu.externaltools.gnu-tools-for-stm32.7-2018-q2-update.linux64_1.4.0.202007081208/tools/bin/../lib/gcc/arm-none-eabi/7.3.1/thumb/v7-m/crti.o
LOAD /home/igor/stm32cubeide/plugins/com.st.stm32cube.ide.mcu.externaltools.gnu-tools-for-stm32.7-2018-q2-update.linux64_1.4.0.202007081208/tools/bin/../lib/gcc/arm-none-eabi/7.3.1/thumb/v7-m/crtbegin.o
LOAD /home/igor/stm32cubeide/plugins/com.st.stm32cube.ide.mcu.externaltools.gnu-tools-for-stm32.7-2018-q2-update.linux64_1.4.0.202007081208/tools/bin/../lib/gcc/arm-none-eabi/7.3.1/../../../../arm-none-eabi/lib/thumb/v7-m/crt0.o
LOAD Core/Src/freertos.o
LOAD Core/Src/main.o
LOAD Core/Src/stm32f1xx_hal_msp.o
LOAD Core/Src/stm32f1xx_hal_timebase_tim.o
LOAD Core/Src/stm32f1xx_it.o
LOAD Core/Src/syscalls.o
LOAD Core/Src/sysmem.o
LOAD Core/Src/system_stm32f1xx.o
LOAD Core/Startup/startup_stm32f103c8tx.o
LOAD Drivers/STM32F1xx_HAL_Driver/Src/stm32f1xx_hal.o
LOAD Drivers/STM32F1xx_HAL_Driver/Src/stm32f1xx_hal_can.o
LOAD Drivers/STM32F1xx_HAL_Driver/Src/stm32f1xx_hal_cortex.o
LOAD Drivers/STM32F1xx_HAL_Driver/Src/stm32f1xx_hal_dma.o
LOAD Drivers/STM32F1xx_HAL_Driver/Src/stm32f1xx_hal_exti.o
LOAD Drivers/STM32F1xx_HAL_Driver/Src/stm32f1xx_hal_flash.o
LOAD Drivers/STM32F1xx_HAL_Driver/Src/stm32f1xx_hal_flash_ex.o
LOAD Drivers/STM32F1xx_HAL_Driver/Src/stm32f1xx_hal_gpio.o
LOAD Drivers/STM32F1xx_HAL_Driver/Src/stm32f1xx_hal_gpio_ex.o
LOAD Drivers/STM32F1xx_HAL_Driver/Src/stm32f1xx_hal_pwr.o
LOAD Drivers/STM32F1xx_HAL_Driver/Src/stm32f1xx_hal_rcc.o
LOAD Drivers/STM32F1xx_HAL_Driver/Src/stm32f1xx_hal_rcc_ex.o
LOAD Drivers/STM32F1xx_HAL_Driver/Src/stm32f1xx_hal_tim.o
LOAD Drivers/STM32F1xx_HAL_Driver/Src/stm32f1xx_hal_tim_ex.o
LOAD Middlewares/Third_Party/FreeRTOS/Source/CMSIS_RTOS_V2/cmsis_os2.o
LOAD Middlewares/Third_Party/FreeRTOS/Source/croutine.o
LOAD Middlewares/Third_Party/FreeRTOS/Source/event_groups.o
LOAD Middlewares/Third_Party/FreeRTOS/Source/list.o
LOAD Middlewares/Third_Party/FreeRTOS/Source/queue.o
LOAD Middlewares/Third_Party/FreeRTOS/Source/stream_buffer.o
LOAD Middlewares/Third_Party/FreeRTOS/Source/tasks.o
LOAD Middlewares/Third_Party/FreeRTOS/Source/timers.o
LOAD Middlewares/Third_Party/FreeRTOS/Source/portable/GCC/ARM_CM3/port.o
LOAD Middlewares/Third_Party/FreeRTOS/Source/portable/MemMang/heap_4.o
START GROUP
LOAD /home/igor/stm32cubeide/plugins/com.st.stm32cube.ide.mcu.externaltools.gnu-tools-for-stm32.7-2018-q2-update.linux64_1.4.0.202007081208/tools/bin/../lib/gcc/arm-none-eabi/7.3.1/../../../../arm-none-eabi/lib/thumb/v7-m/libstdc++_nano.a
LOAD /home/igor/stm32cubeide/plugins/com.st.stm32cube.ide.mcu.externaltools.gnu-tools-for-stm32.7-2018-q2-update.linux64_1.4.0.202007081208/tools/bin/../lib/gcc/arm-none-eabi/7.3.1/../../../../arm-none-eabi/lib/thumb/v7-m/libsupc++_nano.a
END GROUP
LOAD /home/igor/stm32cubeide/plugins/com.st.stm32cube.ide.mcu.externaltools.gnu-tools-for-stm32.7-2018-q2-update.linux64_1.4.0.202007081208/tools/bin/../lib/gcc/arm-none-eabi/7.3.1/../../../../arm-none-eabi/lib/thumb/v7-m/libstdc++_nano.a
LOAD /home/igor/stm32cubeide/plugins/com.st.stm32cube.ide.mcu.externaltools.gnu-tools-for-stm32.7-2018-q2-update.linux64_1.4.0.202007081208/tools/bin/../lib/gcc/arm-none-eabi/7.3.1/../../../../arm-none-eabi/lib/thumb/v7-m/libm.a
LOAD /home/igor/stm32cubeide/plugins/com.st.stm32cube.ide.mcu.externaltools.gnu-tools-for-stm32.7-2018-q2-update.linux64_1.4.0.202007081208/tools/bin/../lib/gcc/arm-none-eabi/7.3.1/../../../../arm-none-eabi/lib/thumb/v7-m/libc_nano.a
START GROUP
LOAD /home/igor/stm32cubeide/plugins/com.st.stm32cube.ide.mcu.externaltools.gnu-tools-for-stm32.7-2018-q2-update.linux64_1.4.0.202007081208/tools/bin/../lib/gcc/arm-none-eabi/7.3.1/thumb/v7-m/libgcc.a
LOAD /home/igor/stm32cubeide/plugins/com.st.stm32cube.ide.mcu.externaltools.gnu-tools-for-stm32.7-2018-q2-update.linux64_1.4.0.202007081208/tools/bin/../lib/gcc/arm-none-eabi/7.3.1/../../../../arm-none-eabi/lib/thumb/v7-m/libc_nano.a
END GROUP
START GROUP
LOAD /home/igor/stm32cubeide/plugins/com.st.stm32cube.ide.mcu.externaltools.gnu-tools-for-stm32.7-2018-q2-update.linux64_1.4.0.202007081208/tools/bin/../lib/gcc/arm-none-eabi/7.3.1/thumb/v7-m/libgcc.a
LOAD /home/igor/stm32cubeide/plugins/com.st.stm32cube.ide.mcu.externaltools.gnu-tools-for-stm32.7-2018-q2-update.linux64_1.4.0.202007081208/tools/bin/../lib/gcc/arm-none-eabi/7.3.1/../../../../arm-none-eabi/lib/thumb/v7-m/libc_nano.a
LOAD /home/igor/stm32cubeide/plugins/com.st.stm32cube.ide.mcu.externaltools.gnu-tools-for-stm32.7-2018-q2-update.linux64_1.4.0.202007081208/tools/bin/../lib/gcc/arm-none-eabi/7.3.1/../../../../arm-none-eabi/lib/thumb/v7-m/libnosys.a
END GROUP
START GROUP
LOAD /home/igor/stm32cubeide/plugins/com.st.stm32cube.ide.mcu.externaltools.gnu-tools-for-stm32.7-2018-q2-update.linux64_1.4.0.202007081208/tools/bin/../lib/gcc/arm-none-eabi/7.3.1/thumb/v7-m/libgcc.a
LOAD /home/igor/stm32cubeide/plugins/com.st.stm32cube.ide.mcu.externaltools.gnu-tools-for-stm32.7-2018-q2-update.linux64_1.4.0.202007081208/tools/bin/../lib/gcc/arm-none-eabi/7.3.1/../../../../arm-none-eabi/lib/thumb/v7-m/libc_nano.a
LOAD /home/igor/stm32cubeide/plugins/com.st.stm32cube.ide.mcu.externaltools.gnu-tools-for-stm32.7-2018-q2-update.linux64_1.4.0.202007081208/tools/bin/../lib/gcc/arm-none-eabi/7.3.1/../../../../arm-none-eabi/lib/thumb/v7-m/libnosys.a
END GROUP
LOAD /home/igor/stm32cubeide/plugins/com.st.stm32cube.ide.mcu.externaltools.gnu-tools-for-stm32.7-2018-q2-update.linux64_1.4.0.202007081208/tools/bin/../lib/gcc/arm-none-eabi/7.3.1/thumb/v7-m/crtend.o
LOAD /home/igor/stm32cubeide/plugins/com.st.stm32cube.ide.mcu.externaltools.gnu-tools-for-stm32.7-2018-q2-update.linux64_1.4.0.202007081208/tools/bin/../lib/gcc/arm-none-eabi/7.3.1/thumb/v7-m/crtn.o
                0x0000000020005000                _estack = (ORIGIN (RAM) + LENGTH (RAM))
                0x0000000000000200                _Min_Heap_Size = 0x200
                0x0000000000000400                _Min_Stack_Size = 0x400

.isr_vector     0x0000000008000000      0x10c
                0x0000000008000000                . = ALIGN (0x4)
 *(.isr_vector)
 .isr_vector    0x0000000008000000      0x10c Core/Startup/startup_stm32f103c8tx.o
                0x0000000008000000                g_pfnVectors
                0x000000000800010c                . = ALIGN (0x4)

.text           0x0000000008000110     0x6594
                0x0000000008000110                . = ALIGN (0x4)
 *(.text)
 .text          0x0000000008000110       0x40 /home/igor/stm32cubeide/plugins/com.st.stm32cube.ide.mcu.externaltools.gnu-tools-for-stm32.7-2018-q2-update.linux64_1.4.0.202007081208/tools/bin/../lib/gcc/arm-none-eabi/7.3.1/thumb/v7-m/crtbegin.o
 .text          0x0000000008000150      0x21c /home/igor/stm32cubeide/plugins/com.st.stm32cube.ide.mcu.externaltools.gnu-tools-for-stm32.7-2018-q2-update.linux64_1.4.0.202007081208/tools/bin/../lib/gcc/arm-none-eabi/7.3.1/thumb/v7-m/libgcc.a(_arm_addsubsf3.o)
                0x0000000008000150                __aeabi_frsub
                0x0000000008000158                __subsf3
                0x0000000008000158                __aeabi_fsub
                0x000000000800015c                __aeabi_fadd
                0x000000000800015c                __addsf3
                0x00000000080002bc                __aeabi_ui2f
                0x00000000080002bc                __floatunsisf
                0x00000000080002c4                __aeabi_i2f
                0x00000000080002c4                __floatsisf
                0x00000000080002e0                __floatundisf
                0x00000000080002e0                __aeabi_ul2f
                0x00000000080002f0                __floatdisf
                0x00000000080002f0                __aeabi_l2f
 .text          0x000000000800036c      0x2a0 /home/igor/stm32cubeide/plugins/com.st.stm32cube.ide.mcu.externaltools.gnu-tools-for-stm32.7-2018-q2-update.linux64_1.4.0.202007081208/tools/bin/../lib/gcc/arm-none-eabi/7.3.1/thumb/v7-m/libgcc.a(_arm_muldivsf3.o)
                0x000000000800036c                __mulsf3
                0x000000000800036c                __aeabi_fmul
                0x00000000080004d4                __divsf3
                0x00000000080004d4                __aeabi_fdiv
 .text          0x000000000800060c       0xec /home/igor/stm32cubeide/plugins/com.st.stm32cube.ide.mcu.externaltools.gnu-tools-for-stm32.7-2018-q2-update.linux64_1.4.0.202007081208/tools/bin/../lib/gcc/arm-none-eabi/7.3.1/thumb/v7-m/libgcc.a(_arm_cmpsf2.o)
                0x000000000800060c                __gtsf2
                0x000000000800060c                __gesf2
                0x0000000008000614                __lesf2
                0x0000000008000614                __ltsf2
                0x000000000800061c                __nesf2
                0x000000000800061c                __eqsf2
                0x000000000800061c                __cmpsf2
                0x000000000800067c                __aeabi_cfrcmple
                0x0000000008000684                __aeabi_cfcmple
                0x0000000008000684                __aeabi_cfcmpeq
                0x0000000008000694                __aeabi_fcmpeq
                0x00000000080006a8                __aeabi_fcmplt
                0x00000000080006bc                __aeabi_fcmple
                0x00000000080006d0                __aeabi_fcmpge
                0x00000000080006e4                __aeabi_fcmpgt
 .text          0x00000000080006f8       0x40 /home/igor/stm32cubeide/plugins/com.st.stm32cube.ide.mcu.externaltools.gnu-tools-for-stm32.7-2018-q2-update.linux64_1.4.0.202007081208/tools/bin/../lib/gcc/arm-none-eabi/7.3.1/thumb/v7-m/libgcc.a(_arm_fixunssfsi.o)
                0x00000000080006f8                __aeabi_f2uiz
                0x00000000080006f8                __fixunssfsi
 *(.text*)
 .text.calculate_pwm
                0x0000000008000738       0xbc Core/Src/main.o
                0x0000000008000738                calculate_pwm
 .text.main     0x00000000080007f4      0x118 Core/Src/main.o
                0x00000000080007f4                main
 .text.SystemClock_Config
                0x000000000800090c       0x8c Core/Src/main.o
                0x000000000800090c                SystemClock_Config
 .text.MX_CAN_Init
                0x0000000008000998       0x6c Core/Src/main.o
 .text.MX_TIM1_Init
                0x0000000008000a04       0xa4 Core/Src/main.o
 .text.MX_TIM2_Init
                0x0000000008000aa8       0xec Core/Src/main.o
 .text.MX_GPIO_Init
                0x0000000008000b94       0xec Core/Src/main.o
 .text.rotate_ccw
                0x0000000008000c80       0xdc Core/Src/main.o
                0x0000000008000c80                rotate_ccw
 .text.rotate_cw
                0x0000000008000d5c       0xec Core/Src/main.o
                0x0000000008000d5c                rotate_cw
 .text.reduce_speed_ccw
                0x0000000008000e48       0xd0 Core/Src/main.o
                0x0000000008000e48                reduce_speed_ccw
 .text.reduce_speed_cw
                0x0000000008000f18       0xd0 Core/Src/main.o
                0x0000000008000f18                reduce_speed_cw
 .text.stop_movement
                0x0000000008000fe8       0x38 Core/Src/main.o
                0x0000000008000fe8                stop_movement
 .text.StartDefaultTask
                0x0000000008001020       0xe8 Core/Src/main.o
                0x0000000008001020                StartDefaultTask
 .text.StartTask02
                0x0000000008001108       0x12 Core/Src/main.o
                0x0000000008001108                StartTask02
 *fill*         0x000000000800111a        0x2 
 .text.StartTask03
                0x000000000800111c       0x44 Core/Src/main.o
                0x000000000800111c                StartTask03
 .text.HAL_TIM_PeriodElapsedCallback
                0x0000000008001160       0x84 Core/Src/main.o
                0x0000000008001160                HAL_TIM_PeriodElapsedCallback
 .text.Error_Handler
                0x00000000080011e4        0xc Core/Src/main.o
                0x00000000080011e4                Error_Handler
 .text.HAL_MspInit
                0x00000000080011f0       0x64 Core/Src/stm32f1xx_hal_msp.o
                0x00000000080011f0                HAL_MspInit
 .text.HAL_CAN_MspInit
                0x0000000008001254       0xa8 Core/Src/stm32f1xx_hal_msp.o
                0x0000000008001254                HAL_CAN_MspInit
 .text.HAL_TIM_Base_MspInit
                0x00000000080012fc       0x70 Core/Src/stm32f1xx_hal_msp.o
                0x00000000080012fc                HAL_TIM_Base_MspInit
 .text.HAL_TIM_MspPostInit
                0x000000000800136c       0x60 Core/Src/stm32f1xx_hal_msp.o
                0x000000000800136c                HAL_TIM_MspPostInit
 .text.HAL_InitTick
                0x00000000080013cc       0xb0 Core/Src/stm32f1xx_hal_timebase_tim.o
                0x00000000080013cc                HAL_InitTick
 .text.NMI_Handler
                0x000000000800147c        0xc Core/Src/stm32f1xx_it.o
                0x000000000800147c                NMI_Handler
 .text.HardFault_Handler
                0x0000000008001488        0x6 Core/Src/stm32f1xx_it.o
                0x0000000008001488                HardFault_Handler
 .text.MemManage_Handler
                0x000000000800148e        0x6 Core/Src/stm32f1xx_it.o
                0x000000000800148e                MemManage_Handler
 .text.BusFault_Handler
                0x0000000008001494        0x6 Core/Src/stm32f1xx_it.o
                0x0000000008001494                BusFault_Handler
 .text.UsageFault_Handler
                0x000000000800149a        0x6 Core/Src/stm32f1xx_it.o
                0x000000000800149a                UsageFault_Handler
 .text.DebugMon_Handler
                0x00000000080014a0        0xc Core/Src/stm32f1xx_it.o
                0x00000000080014a0                DebugMon_Handler
 .text.EXTI1_IRQHandler
                0x00000000080014ac       0x34 Core/Src/stm32f1xx_it.o
                0x00000000080014ac                EXTI1_IRQHandler
 .text.USB_LP_CAN1_RX0_IRQHandler
                0x00000000080014e0       0x40 Core/Src/stm32f1xx_it.o
                0x00000000080014e0                USB_LP_CAN1_RX0_IRQHandler
 .text.TIM1_UP_IRQHandler
                0x0000000008001520       0x14 Core/Src/stm32f1xx_it.o
                0x0000000008001520                TIM1_UP_IRQHandler
 .text.TIM4_IRQHandler
                0x0000000008001534       0x14 Core/Src/stm32f1xx_it.o
                0x0000000008001534                TIM4_IRQHandler
 .text.SystemInit
                0x0000000008001548       0x68 Core/Src/system_stm32f1xx.o
                0x0000000008001548                SystemInit
 .text.Reset_Handler
                0x00000000080015b0       0x48 Core/Startup/startup_stm32f103c8tx.o
                0x00000000080015b0                Reset_Handler
 .text.Default_Handler
                0x00000000080015f8        0x2 Core/Startup/startup_stm32f103c8tx.o
                0x00000000080015f8                RTC_Alarm_IRQHandler
                0x00000000080015f8                EXTI2_IRQHandler
                0x00000000080015f8                TIM1_CC_IRQHandler
                0x00000000080015f8                PVD_IRQHandler
                0x00000000080015f8                EXTI3_IRQHandler
                0x00000000080015f8                EXTI0_IRQHandler
                0x00000000080015f8                I2C2_EV_IRQHandler
                0x00000000080015f8                ADC1_2_IRQHandler
                0x00000000080015f8                SPI1_IRQHandler
                0x00000000080015f8                TAMPER_IRQHandler
                0x00000000080015f8                DMA1_Channel4_IRQHandler
                0x00000000080015f8                USART3_IRQHandler
                0x00000000080015f8                RTC_IRQHandler
                0x00000000080015f8                DMA1_Channel7_IRQHandler
                0x00000000080015f8                CAN1_RX1_IRQHandler
                0x00000000080015f8                I2C1_EV_IRQHandler
                0x00000000080015f8                DMA1_Channel6_IRQHandler
                0x00000000080015f8                TIM3_IRQHandler
                0x00000000080015f8                RCC_IRQHandler
                0x00000000080015f8                TIM1_TRG_COM_IRQHandler
                0x00000000080015f8                DMA1_Channel1_IRQHandler
                0x00000000080015f8                Default_Handler
                0x00000000080015f8                EXTI15_10_IRQHandler
                0x00000000080015f8                EXTI9_5_IRQHandler
                0x00000000080015f8                SPI2_IRQHandler
                0x00000000080015f8                DMA1_Channel5_IRQHandler
                0x00000000080015f8                EXTI4_IRQHandler
                0x00000000080015f8                USB_HP_CAN1_TX_IRQHandler
                0x00000000080015f8                DMA1_Channel3_IRQHandler
                0x00000000080015f8                WWDG_IRQHandler
                0x00000000080015f8                TIM2_IRQHandler
                0x00000000080015f8                TIM1_BRK_IRQHandler
                0x00000000080015f8                USART2_IRQHandler
                0x00000000080015f8                I2C2_ER_IRQHandler
                0x00000000080015f8                DMA1_Channel2_IRQHandler
                0x00000000080015f8                CAN1_SCE_IRQHandler
                0x00000000080015f8                FLASH_IRQHandler
                0x00000000080015f8                USART1_IRQHandler
                0x00000000080015f8                I2C1_ER_IRQHandler
                0x00000000080015f8                USBWakeUp_IRQHandler
 *fill*         0x00000000080015fa        0x2 
 .text.HAL_Init
                0x00000000080015fc       0x2c Drivers/STM32F1xx_HAL_Driver/Src/stm32f1xx_hal.o
                0x00000000080015fc                HAL_Init
 .text.HAL_IncTick
                0x0000000008001628       0x24 Drivers/STM32F1xx_HAL_Driver/Src/stm32f1xx_hal.o
                0x0000000008001628                HAL_IncTick
 .text.HAL_GetTick
                0x000000000800164c       0x14 Drivers/STM32F1xx_HAL_Driver/Src/stm32f1xx_hal.o
                0x000000000800164c                HAL_GetTick
 .text.HAL_CAN_Init
                0x0000000008001660      0x1f6 Drivers/STM32F1xx_HAL_Driver/Src/stm32f1xx_hal_can.o
                0x0000000008001660                HAL_CAN_Init
 .text.HAL_CAN_ConfigFilter
                0x0000000008001856      0x192 Drivers/STM32F1xx_HAL_Driver/Src/stm32f1xx_hal_can.o
                0x0000000008001856                HAL_CAN_ConfigFilter
 .text.HAL_CAN_Start
                0x00000000080019e8       0x88 Drivers/STM32F1xx_HAL_Driver/Src/stm32f1xx_hal_can.o
                0x00000000080019e8                HAL_CAN_Start
 .text.HAL_CAN_AddTxMessage
                0x0000000008001a70      0x1b4 Drivers/STM32F1xx_HAL_Driver/Src/stm32f1xx_hal_can.o
                0x0000000008001a70                HAL_CAN_AddTxMessage
 .text.HAL_CAN_GetRxMessage
                0x0000000008001c24      0x222 Drivers/STM32F1xx_HAL_Driver/Src/stm32f1xx_hal_can.o
                0x0000000008001c24                HAL_CAN_GetRxMessage
 .text.HAL_CAN_ActivateNotification
                0x0000000008001e46       0x4a Drivers/STM32F1xx_HAL_Driver/Src/stm32f1xx_hal_can.o
                0x0000000008001e46                HAL_CAN_ActivateNotification
 .text.HAL_CAN_IRQHandler
                0x0000000008001e90      0x362 Drivers/STM32F1xx_HAL_Driver/Src/stm32f1xx_hal_can.o
                0x0000000008001e90                HAL_CAN_IRQHandler
 .text.HAL_CAN_TxMailbox0CompleteCallback
                0x00000000080021f2       0x12 Drivers/STM32F1xx_HAL_Driver/Src/stm32f1xx_hal_can.o
                0x00000000080021f2                HAL_CAN_TxMailbox0CompleteCallback
 .text.HAL_CAN_TxMailbox1CompleteCallback
                0x0000000008002204       0x12 Drivers/STM32F1xx_HAL_Driver/Src/stm32f1xx_hal_can.o
                0x0000000008002204                HAL_CAN_TxMailbox1CompleteCallback
 .text.HAL_CAN_TxMailbox2CompleteCallback
                0x0000000008002216       0x12 Drivers/STM32F1xx_HAL_Driver/Src/stm32f1xx_hal_can.o
                0x0000000008002216                HAL_CAN_TxMailbox2CompleteCallback
 .text.HAL_CAN_TxMailbox0AbortCallback
                0x0000000008002228       0x12 Drivers/STM32F1xx_HAL_Driver/Src/stm32f1xx_hal_can.o
                0x0000000008002228                HAL_CAN_TxMailbox0AbortCallback
 .text.HAL_CAN_TxMailbox1AbortCallback
                0x000000000800223a       0x12 Drivers/STM32F1xx_HAL_Driver/Src/stm32f1xx_hal_can.o
                0x000000000800223a                HAL_CAN_TxMailbox1AbortCallback
 .text.HAL_CAN_TxMailbox2AbortCallback
                0x000000000800224c       0x12 Drivers/STM32F1xx_HAL_Driver/Src/stm32f1xx_hal_can.o
                0x000000000800224c                HAL_CAN_TxMailbox2AbortCallback
 .text.HAL_CAN_RxFifo0MsgPendingCallback
                0x000000000800225e       0x12 Drivers/STM32F1xx_HAL_Driver/Src/stm32f1xx_hal_can.o
                0x000000000800225e                HAL_CAN_RxFifo0MsgPendingCallback
 .text.HAL_CAN_RxFifo0FullCallback
                0x0000000008002270       0x12 Drivers/STM32F1xx_HAL_Driver/Src/stm32f1xx_hal_can.o
                0x0000000008002270                HAL_CAN_RxFifo0FullCallback
 .text.HAL_CAN_RxFifo1MsgPendingCallback
                0x0000000008002282       0x12 Drivers/STM32F1xx_HAL_Driver/Src/stm32f1xx_hal_can.o
                0x0000000008002282                HAL_CAN_RxFifo1MsgPendingCallback
 .text.HAL_CAN_RxFifo1FullCallback
                0x0000000008002294       0x12 Drivers/STM32F1xx_HAL_Driver/Src/stm32f1xx_hal_can.o
                0x0000000008002294                HAL_CAN_RxFifo1FullCallback
 .text.HAL_CAN_SleepCallback
                0x00000000080022a6       0x12 Drivers/STM32F1xx_HAL_Driver/Src/stm32f1xx_hal_can.o
                0x00000000080022a6                HAL_CAN_SleepCallback
 .text.HAL_CAN_WakeUpFromRxMsgCallback
                0x00000000080022b8       0x12 Drivers/STM32F1xx_HAL_Driver/Src/stm32f1xx_hal_can.o
                0x00000000080022b8                HAL_CAN_WakeUpFromRxMsgCallback
 .text.HAL_CAN_ErrorCallback
                0x00000000080022ca       0x12 Drivers/STM32F1xx_HAL_Driver/Src/stm32f1xx_hal_can.o
                0x00000000080022ca                HAL_CAN_ErrorCallback
 .text.__NVIC_SetPriorityGrouping
                0x00000000080022dc       0x48 Drivers/STM32F1xx_HAL_Driver/Src/stm32f1xx_hal_cortex.o
 .text.__NVIC_GetPriorityGrouping
                0x0000000008002324       0x1c Drivers/STM32F1xx_HAL_Driver/Src/stm32f1xx_hal_cortex.o
 .text.__NVIC_EnableIRQ
                0x0000000008002340       0x38 Drivers/STM32F1xx_HAL_Driver/Src/stm32f1xx_hal_cortex.o
 .text.__NVIC_SetPriority
                0x0000000008002378       0x54 Drivers/STM32F1xx_HAL_Driver/Src/stm32f1xx_hal_cortex.o
 .text.NVIC_EncodePriority
                0x00000000080023cc       0x64 Drivers/STM32F1xx_HAL_Driver/Src/stm32f1xx_hal_cortex.o
 .text.HAL_NVIC_SetPriorityGrouping
                0x0000000008002430       0x16 Drivers/STM32F1xx_HAL_Driver/Src/stm32f1xx_hal_cortex.o
                0x0000000008002430                HAL_NVIC_SetPriorityGrouping
 .text.HAL_NVIC_SetPriority
                0x0000000008002446       0x38 Drivers/STM32F1xx_HAL_Driver/Src/stm32f1xx_hal_cortex.o
                0x0000000008002446                HAL_NVIC_SetPriority
 .text.HAL_NVIC_EnableIRQ
                0x000000000800247e       0x1c Drivers/STM32F1xx_HAL_Driver/Src/stm32f1xx_hal_cortex.o
                0x000000000800247e                HAL_NVIC_EnableIRQ
 *fill*         0x000000000800249a        0x2 
 .text.HAL_GPIO_Init
                0x000000000800249c      0x2b4 Drivers/STM32F1xx_HAL_Driver/Src/stm32f1xx_hal_gpio.o
                0x000000000800249c                HAL_GPIO_Init
 .text.HAL_GPIO_WritePin
                0x0000000008002750       0x30 Drivers/STM32F1xx_HAL_Driver/Src/stm32f1xx_hal_gpio.o
                0x0000000008002750                HAL_GPIO_WritePin
 .text.HAL_GPIO_EXTI_IRQHandler
                0x0000000008002780       0x30 Drivers/STM32F1xx_HAL_Driver/Src/stm32f1xx_hal_gpio.o
                0x0000000008002780                HAL_GPIO_EXTI_IRQHandler
 .text.HAL_GPIO_EXTI_Callback
                0x00000000080027b0       0x14 Drivers/STM32F1xx_HAL_Driver/Src/stm32f1xx_hal_gpio.o
                0x00000000080027b0                HAL_GPIO_EXTI_Callback
 .text.HAL_RCC_OscConfig
                0x00000000080027c4      0x500 Drivers/STM32F1xx_HAL_Driver/Src/stm32f1xx_hal_rcc.o
                0x00000000080027c4                HAL_RCC_OscConfig
 .text.HAL_RCC_ClockConfig
                0x0000000008002cc4      0x1d4 Drivers/STM32F1xx_HAL_Driver/Src/stm32f1xx_hal_rcc.o
                0x0000000008002cc4                HAL_RCC_ClockConfig
 .text.HAL_RCC_GetSysClockFreq
                0x0000000008002e98       0xc8 Drivers/STM32F1xx_HAL_Driver/Src/stm32f1xx_hal_rcc.o
                0x0000000008002e98                HAL_RCC_GetSysClockFreq
 .text.HAL_RCC_GetHCLKFreq
                0x0000000008002f60       0x14 Drivers/STM32F1xx_HAL_Driver/Src/stm32f1xx_hal_rcc.o
                0x0000000008002f60                HAL_RCC_GetHCLKFreq
 .text.HAL_RCC_GetPCLK1Freq
                0x0000000008002f74       0x28 Drivers/STM32F1xx_HAL_Driver/Src/stm32f1xx_hal_rcc.o
                0x0000000008002f74                HAL_RCC_GetPCLK1Freq
 .text.HAL_RCC_GetClockConfig
                0x0000000008002f9c       0x60 Drivers/STM32F1xx_HAL_Driver/Src/stm32f1xx_hal_rcc.o
                0x0000000008002f9c                HAL_RCC_GetClockConfig
 .text.RCC_Delay
                0x0000000008002ffc       0x3c Drivers/STM32F1xx_HAL_Driver/Src/stm32f1xx_hal_rcc.o
 .text.HAL_TIM_Base_Init
                0x0000000008003038       0x56 Drivers/STM32F1xx_HAL_Driver/Src/stm32f1xx_hal_tim.o
                0x0000000008003038                HAL_TIM_Base_Init
 .text.HAL_TIM_Base_Start_IT
                0x000000000800308e       0x46 Drivers/STM32F1xx_HAL_Driver/Src/stm32f1xx_hal_tim.o
                0x000000000800308e                HAL_TIM_Base_Start_IT
 .text.HAL_TIM_PWM_Init
                0x00000000080030d4       0x56 Drivers/STM32F1xx_HAL_Driver/Src/stm32f1xx_hal_tim.o
                0x00000000080030d4                HAL_TIM_PWM_Init
 .text.HAL_TIM_PWM_MspInit
                0x000000000800312a       0x12 Drivers/STM32F1xx_HAL_Driver/Src/stm32f1xx_hal_tim.o
                0x000000000800312a                HAL_TIM_PWM_MspInit
 .text.HAL_TIM_PWM_Start
                0x000000000800313c       0x64 Drivers/STM32F1xx_HAL_Driver/Src/stm32f1xx_hal_tim.o
                0x000000000800313c                HAL_TIM_PWM_Start
 .text.HAL_TIM_IRQHandler
                0x00000000080031a0      0x210 Drivers/STM32F1xx_HAL_Driver/Src/stm32f1xx_hal_tim.o
                0x00000000080031a0                HAL_TIM_IRQHandler
 .text.HAL_TIM_PWM_ConfigChannel
                0x00000000080033b0      0x18c Drivers/STM32F1xx_HAL_Driver/Src/stm32f1xx_hal_tim.o
                0x00000000080033b0                HAL_TIM_PWM_ConfigChannel
 .text.HAL_TIM_ConfigClockSource
                0x000000000800353c      0x16e Drivers/STM32F1xx_HAL_Driver/Src/stm32f1xx_hal_tim.o
                0x000000000800353c                HAL_TIM_ConfigClockSource
 .text.HAL_TIM_OC_DelayElapsedCallback
                0x00000000080036aa       0x12 Drivers/STM32F1xx_HAL_Driver/Src/stm32f1xx_hal_tim.o
                0x00000000080036aa                HAL_TIM_OC_DelayElapsedCallback
 .text.HAL_TIM_IC_CaptureCallback
                0x00000000080036bc       0x12 Drivers/STM32F1xx_HAL_Driver/Src/stm32f1xx_hal_tim.o
                0x00000000080036bc                HAL_TIM_IC_CaptureCallback
 .text.HAL_TIM_PWM_PulseFinishedCallback
                0x00000000080036ce       0x12 Drivers/STM32F1xx_HAL_Driver/Src/stm32f1xx_hal_tim.o
                0x00000000080036ce                HAL_TIM_PWM_PulseFinishedCallback
 .text.HAL_TIM_TriggerCallback
                0x00000000080036e0       0x12 Drivers/STM32F1xx_HAL_Driver/Src/stm32f1xx_hal_tim.o
                0x00000000080036e0                HAL_TIM_TriggerCallback
 *fill*         0x00000000080036f2        0x2 
 .text.TIM_Base_SetConfig
                0x00000000080036f4       0xc4 Drivers/STM32F1xx_HAL_Driver/Src/stm32f1xx_hal_tim.o
                0x00000000080036f4                TIM_Base_SetConfig
 .text.TIM_OC1_SetConfig
                0x00000000080037b8       0xcc Drivers/STM32F1xx_HAL_Driver/Src/stm32f1xx_hal_tim.o
 .text.TIM_OC2_SetConfig
                0x0000000008003884       0xd4 Drivers/STM32F1xx_HAL_Driver/Src/stm32f1xx_hal_tim.o
                0x0000000008003884                TIM_OC2_SetConfig
 .text.TIM_OC3_SetConfig
                0x0000000008003958       0xd4 Drivers/STM32F1xx_HAL_Driver/Src/stm32f1xx_hal_tim.o
 .text.TIM_OC4_SetConfig
                0x0000000008003a2c       0x9c Drivers/STM32F1xx_HAL_Driver/Src/stm32f1xx_hal_tim.o
 .text.TIM_TI1_ConfigInputStage
                0x0000000008003ac8       0x5c Drivers/STM32F1xx_HAL_Driver/Src/stm32f1xx_hal_tim.o
 .text.TIM_TI2_ConfigInputStage
                0x0000000008003b24       0x5e Drivers/STM32F1xx_HAL_Driver/Src/stm32f1xx_hal_tim.o
 .text.TIM_ITRx_SetConfig
                0x0000000008003b82       0x34 Drivers/STM32F1xx_HAL_Driver/Src/stm32f1xx_hal_tim.o
 .text.TIM_ETR_SetConfig
                0x0000000008003bb6       0x3e Drivers/STM32F1xx_HAL_Driver/Src/stm32f1xx_hal_tim.o
                0x0000000008003bb6                TIM_ETR_SetConfig
 .text.TIM_CCxChannelCmd
                0x0000000008003bf4       0x48 Drivers/STM32F1xx_HAL_Driver/Src/stm32f1xx_hal_tim.o
                0x0000000008003bf4                TIM_CCxChannelCmd
 .text.HAL_TIMEx_MasterConfigSynchronization
                0x0000000008003c3c       0x88 Drivers/STM32F1xx_HAL_Driver/Src/stm32f1xx_hal_tim_ex.o
                0x0000000008003c3c                HAL_TIMEx_MasterConfigSynchronization
 .text.HAL_TIMEx_CommutCallback
                0x0000000008003cc4       0x12 Drivers/STM32F1xx_HAL_Driver/Src/stm32f1xx_hal_tim_ex.o
                0x0000000008003cc4                HAL_TIMEx_CommutCallback
 .text.HAL_TIMEx_BreakCallback
                0x0000000008003cd6       0x12 Drivers/STM32F1xx_HAL_Driver/Src/stm32f1xx_hal_tim_ex.o
                0x0000000008003cd6                HAL_TIMEx_BreakCallback
 .text.osKernelInitialize
                0x0000000008003ce8       0x64 Middlewares/Third_Party/FreeRTOS/Source/CMSIS_RTOS_V2/cmsis_os2.o
                0x0000000008003ce8                osKernelInitialize
 .text.osKernelStart
                0x0000000008003d4c       0x68 Middlewares/Third_Party/FreeRTOS/Source/CMSIS_RTOS_V2/cmsis_os2.o
                0x0000000008003d4c                osKernelStart
 .text.osThreadNew
                0x0000000008003db4      0x154 Middlewares/Third_Party/FreeRTOS/Source/CMSIS_RTOS_V2/cmsis_os2.o
                0x0000000008003db4                osThreadNew
 .text.osDelay  0x0000000008003f08       0x5c Middlewares/Third_Party/FreeRTOS/Source/CMSIS_RTOS_V2/cmsis_os2.o
                0x0000000008003f08                osDelay
 .text.vApplicationGetIdleTaskMemory
                0x0000000008003f64       0x30 Middlewares/Third_Party/FreeRTOS/Source/CMSIS_RTOS_V2/cmsis_os2.o
                0x0000000008003f64                vApplicationGetIdleTaskMemory
 .text.vApplicationGetTimerTaskMemory
                0x0000000008003f94       0x34 Middlewares/Third_Party/FreeRTOS/Source/CMSIS_RTOS_V2/cmsis_os2.o
                0x0000000008003f94                vApplicationGetTimerTaskMemory
 .text.vListInitialise
                0x0000000008003fc8       0x3e Middlewares/Third_Party/FreeRTOS/Source/list.o
                0x0000000008003fc8                vListInitialise
 .text.vListInitialiseItem
                0x0000000008004006       0x18 Middlewares/Third_Party/FreeRTOS/Source/list.o
                0x0000000008004006                vListInitialiseItem
 .text.vListInsertEnd
                0x000000000800401e       0x46 Middlewares/Third_Party/FreeRTOS/Source/list.o
                0x000000000800401e                vListInsertEnd
 .text.vListInsert
                0x0000000008004064       0x70 Middlewares/Third_Party/FreeRTOS/Source/list.o
                0x0000000008004064                vListInsert
 .text.uxListRemove
                0x00000000080040d4       0x52 Middlewares/Third_Party/FreeRTOS/Source/list.o
                0x00000000080040d4                uxListRemove
 *fill*         0x0000000008004126        0x2 
 .text.xQueueGenericReset
                0x0000000008004128       0xd0 Middlewares/Third_Party/FreeRTOS/Source/queue.o
                0x0000000008004128                xQueueGenericReset
 .text.xQueueGenericCreateStatic
                0x00000000080041f8       0xe4 Middlewares/Third_Party/FreeRTOS/Source/queue.o
                0x00000000080041f8                xQueueGenericCreateStatic
 .text.prvInitialiseNewQueue
                0x00000000080042dc       0x46 Middlewares/Third_Party/FreeRTOS/Source/queue.o
 *fill*         0x0000000008004322        0x2 
 .text.xQueueGenericSend
                0x0000000008004324      0x1f4 Middlewares/Third_Party/FreeRTOS/Source/queue.o
                0x0000000008004324                xQueueGenericSend
 .text.xQueueGenericSendFromISR
                0x0000000008004518      0x128 Middlewares/Third_Party/FreeRTOS/Source/queue.o
                0x0000000008004518                xQueueGenericSendFromISR
 .text.xQueueReceive
                0x0000000008004640      0x1b8 Middlewares/Third_Party/FreeRTOS/Source/queue.o
                0x0000000008004640                xQueueReceive
 .text.prvCopyDataToQueue
                0x00000000080047f8       0xd4 Middlewares/Third_Party/FreeRTOS/Source/queue.o
 .text.prvCopyDataFromQueue
                0x00000000080048cc       0x4c Middlewares/Third_Party/FreeRTOS/Source/queue.o
 .text.prvUnlockQueue
                0x0000000008004918       0xa4 Middlewares/Third_Party/FreeRTOS/Source/queue.o
 .text.prvIsQueueEmpty
                0x00000000080049bc       0x2c Middlewares/Third_Party/FreeRTOS/Source/queue.o
 .text.prvIsQueueFull
                0x00000000080049e8       0x30 Middlewares/Third_Party/FreeRTOS/Source/queue.o
 .text.vQueueAddToRegistry
                0x0000000008004a18       0x50 Middlewares/Third_Party/FreeRTOS/Source/queue.o
                0x0000000008004a18                vQueueAddToRegistry
 .text.vQueueWaitForMessageRestricted
                0x0000000008004a68       0x68 Middlewares/Third_Party/FreeRTOS/Source/queue.o
                0x0000000008004a68                vQueueWaitForMessageRestricted
 .text.xTaskCreateStatic
                0x0000000008004ad0       0xb2 Middlewares/Third_Party/FreeRTOS/Source/tasks.o
                0x0000000008004ad0                xTaskCreateStatic
 .text.xTaskCreate
                0x0000000008004b82       0x8a Middlewares/Third_Party/FreeRTOS/Source/tasks.o
                0x0000000008004b82                xTaskCreate
 .text.prvInitialiseNewTask
                0x0000000008004c0c      0x10c Middlewares/Third_Party/FreeRTOS/Source/tasks.o
 .text.prvAddNewTaskToReadyList
                0x0000000008004d18       0xe0 Middlewares/Third_Party/FreeRTOS/Source/tasks.o
 .text.vTaskDelay
                0x0000000008004df8       0x68 Middlewares/Third_Party/FreeRTOS/Source/tasks.o
                0x0000000008004df8                vTaskDelay
 .text.vTaskStartScheduler
                0x0000000008004e60       0xc8 Middlewares/Third_Party/FreeRTOS/Source/tasks.o
                0x0000000008004e60                vTaskStartScheduler
 .text.vTaskSuspendAll
                0x0000000008004f28       0x1c Middlewares/Third_Party/FreeRTOS/Source/tasks.o
                0x0000000008004f28                vTaskSuspendAll
 .text.xTaskResumeAll
                0x0000000008004f44      0x138 Middlewares/Third_Party/FreeRTOS/Source/tasks.o
                0x0000000008004f44                xTaskResumeAll
 .text.xTaskGetTickCount
                0x000000000800507c       0x1c Middlewares/Third_Party/FreeRTOS/Source/tasks.o
                0x000000000800507c                xTaskGetTickCount
 .text.xTaskIncrementTick
                0x0000000008005098      0x17c Middlewares/Third_Party/FreeRTOS/Source/tasks.o
                0x0000000008005098                xTaskIncrementTick
 .text.vTaskSwitchContext
                0x0000000008005214       0xb8 Middlewares/Third_Party/FreeRTOS/Source/tasks.o
                0x0000000008005214                vTaskSwitchContext
 .text.vTaskPlaceOnEventList
                0x00000000080052cc       0x48 Middlewares/Third_Party/FreeRTOS/Source/tasks.o
                0x00000000080052cc                vTaskPlaceOnEventList
 .text.vTaskPlaceOnEventListRestricted
                0x0000000008005314       0x54 Middlewares/Third_Party/FreeRTOS/Source/tasks.o
                0x0000000008005314                vTaskPlaceOnEventListRestricted
 .text.xTaskRemoveFromEventList
                0x0000000008005368       0xc4 Middlewares/Third_Party/FreeRTOS/Source/tasks.o
                0x0000000008005368                xTaskRemoveFromEventList
 .text.vTaskInternalSetTimeOutState
                0x000000000800542c       0x2c Middlewares/Third_Party/FreeRTOS/Source/tasks.o
                0x000000000800542c                vTaskInternalSetTimeOutState
 .text.xTaskCheckForTimeOut
                0x0000000008005458       0xc0 Middlewares/Third_Party/FreeRTOS/Source/tasks.o
                0x0000000008005458                xTaskCheckForTimeOut
 .text.vTaskMissedYield
                0x0000000008005518       0x18 Middlewares/Third_Party/FreeRTOS/Source/tasks.o
                0x0000000008005518                vTaskMissedYield
 .text.prvIdleTask
                0x0000000008005530       0x30 Middlewares/Third_Party/FreeRTOS/Source/tasks.o
 .text.prvInitialiseTaskLists
                0x0000000008005560       0x80 Middlewares/Third_Party/FreeRTOS/Source/tasks.o
 .text.prvCheckTasksWaitingTermination
                0x00000000080055e0       0x58 Middlewares/Third_Party/FreeRTOS/Source/tasks.o
 .text.prvDeleteTCB
                0x0000000008005638       0x5c Middlewares/Third_Party/FreeRTOS/Source/tasks.o
 .text.prvResetNextTaskUnblockTime
                0x0000000008005694       0x48 Middlewares/Third_Party/FreeRTOS/Source/tasks.o
 .text.xTaskGetSchedulerState
                0x00000000080056dc       0x3c Middlewares/Third_Party/FreeRTOS/Source/tasks.o
                0x00000000080056dc                xTaskGetSchedulerState
 .text.xTaskPriorityDisinherit
                0x0000000008005718       0xd8 Middlewares/Third_Party/FreeRTOS/Source/tasks.o
                0x0000000008005718                xTaskPriorityDisinherit
 .text.prvAddCurrentTaskToDelayedList
                0x00000000080057f0       0xa8 Middlewares/Third_Party/FreeRTOS/Source/tasks.o
 .text.xTimerCreateTimerTask
                0x0000000008005898       0x90 Middlewares/Third_Party/FreeRTOS/Source/timers.o
                0x0000000008005898                xTimerCreateTimerTask
 .text.xTimerGenericCommand
                0x0000000008005928       0x98 Middlewares/Third_Party/FreeRTOS/Source/timers.o
                0x0000000008005928                xTimerGenericCommand
 .text.prvProcessExpiredTimer
                0x00000000080059c0       0x80 Middlewares/Third_Party/FreeRTOS/Source/timers.o
 .text.prvTimerTask
                0x0000000008005a40       0x24 Middlewares/Third_Party/FreeRTOS/Source/timers.o
 .text.prvProcessTimerOrBlockTask
                0x0000000008005a64       0x9c Middlewares/Third_Party/FreeRTOS/Source/timers.o
 .text.prvGetNextExpireTime
                0x0000000008005b00       0x48 Middlewares/Third_Party/FreeRTOS/Source/timers.o
 .text.prvSampleTimeNow
                0x0000000008005b48       0x40 Middlewares/Third_Party/FreeRTOS/Source/timers.o
 .text.prvInsertTimerInActiveList
                0x0000000008005b88       0x84 Middlewares/Third_Party/FreeRTOS/Source/timers.o
 .text.prvProcessReceivedCommands
                0x0000000008005c0c      0x160 Middlewares/Third_Party/FreeRTOS/Source/timers.o
 .text.prvSwitchTimerLists
                0x0000000008005d6c       0xc0 Middlewares/Third_Party/FreeRTOS/Source/timers.o
 .text.prvCheckForValidListAndQueue
                0x0000000008005e2c       0x80 Middlewares/Third_Party/FreeRTOS/Source/timers.o
 .text.pxPortInitialiseStack
                0x0000000008005eac       0x58 Middlewares/Third_Party/FreeRTOS/Source/portable/GCC/ARM_CM3/port.o
                0x0000000008005eac                pxPortInitialiseStack
 .text.prvTaskExitError
                0x0000000008005f04       0x50 Middlewares/Third_Party/FreeRTOS/Source/portable/GCC/ARM_CM3/port.o
 *fill*         0x0000000008005f54        0xc 
 .text.SVC_Handler
                0x0000000008005f60       0x28 Middlewares/Third_Party/FreeRTOS/Source/portable/GCC/ARM_CM3/port.o
                0x0000000008005f60                SVC_Handler
 .text.prvPortStartFirstTask
                0x0000000008005f88       0x20 Middlewares/Third_Party/FreeRTOS/Source/portable/GCC/ARM_CM3/port.o
 .text.xPortStartScheduler
                0x0000000008005fa8       0xe0 Middlewares/Third_Party/FreeRTOS/Source/portable/GCC/ARM_CM3/port.o
                0x0000000008005fa8                xPortStartScheduler
 .text.vPortEnterCritical
                0x0000000008006088       0x5c Middlewares/Third_Party/FreeRTOS/Source/portable/GCC/ARM_CM3/port.o
                0x0000000008006088                vPortEnterCritical
 .text.vPortExitCritical
                0x00000000080060e4       0x4c Middlewares/Third_Party/FreeRTOS/Source/portable/GCC/ARM_CM3/port.o
                0x00000000080060e4                vPortExitCritical
 .text.PendSV_Handler
                0x0000000008006130       0x48 Middlewares/Third_Party/FreeRTOS/Source/portable/GCC/ARM_CM3/port.o
                0x0000000008006130                PendSV_Handler
 .text.SysTick_Handler
                0x0000000008006178       0x40 Middlewares/Third_Party/FreeRTOS/Source/portable/GCC/ARM_CM3/port.o
                0x0000000008006178                SysTick_Handler
 .text.vPortSetupTimerInterrupt
                0x00000000080061b8       0x44 Middlewares/Third_Party/FreeRTOS/Source/portable/GCC/ARM_CM3/port.o
                0x00000000080061b8                vPortSetupTimerInterrupt
 .text.vPortValidateInterruptPriority
                0x00000000080061fc       0x78 Middlewares/Third_Party/FreeRTOS/Source/portable/GCC/ARM_CM3/port.o
                0x00000000080061fc                vPortValidateInterruptPriority
 .text.pvPortMalloc
                0x0000000008006274      0x184 Middlewares/Third_Party/FreeRTOS/Source/portable/MemMang/heap_4.o
                0x0000000008006274                pvPortMalloc
 .text.vPortFree
                0x00000000080063f8       0xb0 Middlewares/Third_Party/FreeRTOS/Source/portable/MemMang/heap_4.o
                0x00000000080063f8                vPortFree
 .text.prvHeapInit
                0x00000000080064a8       0xc4 Middlewares/Third_Party/FreeRTOS/Source/portable/MemMang/heap_4.o
 .text.prvInsertBlockIntoFreeList
                0x000000000800656c       0xb0 Middlewares/Third_Party/FreeRTOS/Source/portable/MemMang/heap_4.o
 .text.__libc_init_array
                0x000000000800661c       0x48 /home/igor/stm32cubeide/plugins/com.st.stm32cube.ide.mcu.externaltools.gnu-tools-for-stm32.7-2018-q2-update.linux64_1.4.0.202007081208/tools/bin/../lib/gcc/arm-none-eabi/7.3.1/../../../../arm-none-eabi/lib/thumb/v7-m/libc_nano.a(lib_a-init.o)
                0x000000000800661c                __libc_init_array
 .text.memcpy   0x0000000008006664       0x16 /home/igor/stm32cubeide/plugins/com.st.stm32cube.ide.mcu.externaltools.gnu-tools-for-stm32.7-2018-q2-update.linux64_1.4.0.202007081208/tools/bin/../lib/gcc/arm-none-eabi/7.3.1/../../../../arm-none-eabi/lib/thumb/v7-m/libc_nano.a(lib_a-memcpy-stub.o)
                0x0000000008006664                memcpy
 .text.memset   0x000000000800667a       0x10 /home/igor/stm32cubeide/plugins/com.st.stm32cube.ide.mcu.externaltools.gnu-tools-for-stm32.7-2018-q2-update.linux64_1.4.0.202007081208/tools/bin/../lib/gcc/arm-none-eabi/7.3.1/../../../../arm-none-eabi/lib/thumb/v7-m/libc_nano.a(lib_a-memset.o)
                0x000000000800667a                memset
 *(.glue_7)
 .glue_7        0x000000000800668a        0x0 linker stubs
 *(.glue_7t)
 .glue_7t       0x000000000800668a        0x0 linker stubs
 *(.eh_frame)
 *fill*         0x000000000800668a        0x2 
 .eh_frame      0x000000000800668c        0x0 /home/igor/stm32cubeide/plugins/com.st.stm32cube.ide.mcu.externaltools.gnu-tools-for-stm32.7-2018-q2-update.linux64_1.4.0.202007081208/tools/bin/../lib/gcc/arm-none-eabi/7.3.1/thumb/v7-m/crtbegin.o
 *(.init)
 .init          0x000000000800668c        0x4 /home/igor/stm32cubeide/plugins/com.st.stm32cube.ide.mcu.externaltools.gnu-tools-for-stm32.7-2018-q2-update.linux64_1.4.0.202007081208/tools/bin/../lib/gcc/arm-none-eabi/7.3.1/thumb/v7-m/crti.o
                0x000000000800668c                _init
 .init          0x0000000008006690        0x8 /home/igor/stm32cubeide/plugins/com.st.stm32cube.ide.mcu.externaltools.gnu-tools-for-stm32.7-2018-q2-update.linux64_1.4.0.202007081208/tools/bin/../lib/gcc/arm-none-eabi/7.3.1/thumb/v7-m/crtn.o
 *(.fini)
 .fini          0x0000000008006698        0x4 /home/igor/stm32cubeide/plugins/com.st.stm32cube.ide.mcu.externaltools.gnu-tools-for-stm32.7-2018-q2-update.linux64_1.4.0.202007081208/tools/bin/../lib/gcc/arm-none-eabi/7.3.1/thumb/v7-m/crti.o
                0x0000000008006698                _fini
 .fini          0x000000000800669c        0x8 /home/igor/stm32cubeide/plugins/com.st.stm32cube.ide.mcu.externaltools.gnu-tools-for-stm32.7-2018-q2-update.linux64_1.4.0.202007081208/tools/bin/../lib/gcc/arm-none-eabi/7.3.1/thumb/v7-m/crtn.o
                0x00000000080066a4                . = ALIGN (0x4)
                0x00000000080066a4                _etext = .

.vfp11_veneer   0x00000000080066a4        0x0
 .vfp11_veneer  0x00000000080066a4        0x0 linker stubs

.v4_bx          0x00000000080066a4        0x0
 .v4_bx         0x00000000080066a4        0x0 linker stubs

.iplt           0x00000000080066a4        0x0
 .iplt          0x00000000080066a4        0x0 /home/igor/stm32cubeide/plugins/com.st.stm32cube.ide.mcu.externaltools.gnu-tools-for-stm32.7-2018-q2-update.linux64_1.4.0.202007081208/tools/bin/../lib/gcc/arm-none-eabi/7.3.1/thumb/v7-m/crtbegin.o

.rodata         0x00000000080066a4       0xd4
                0x00000000080066a4                . = ALIGN (0x4)
 *(.rodata)
 .rodata        0x00000000080066a4       0x22 Core/Src/main.o
 *fill*         0x00000000080066c6        0x2 
 .rodata        0x00000000080066c8       0x12 Drivers/STM32F1xx_HAL_Driver/Src/stm32f1xx_hal_rcc.o
 *fill*         0x00000000080066da        0x2 
 .rodata        0x00000000080066dc        0x5 Middlewares/Third_Party/FreeRTOS/Source/tasks.o
 *fill*         0x00000000080066e1        0x3 
 .rodata        0x00000000080066e4        0xd Middlewares/Third_Party/FreeRTOS/Source/timers.o
 *(.rodata*)
 *fill*         0x00000000080066f1        0x3 
 .rodata.firstTask_attributes
                0x00000000080066f4       0x24 Core/Src/main.o
                0x00000000080066f4                firstTask_attributes
 .rodata.secondTask_attributes
                0x0000000008006718       0x24 Core/Src/main.o
                0x0000000008006718                secondTask_attributes
 .rodata.thirdTask_attributes
                0x000000000800673c       0x24 Core/Src/main.o
                0x000000000800673c                thirdTask_attributes
 .rodata.AHBPrescTable
                0x0000000008006760       0x10 Core/Src/system_stm32f1xx.o
                0x0000000008006760                AHBPrescTable
 .rodata.APBPrescTable
                0x0000000008006770        0x8 Core/Src/system_stm32f1xx.o
                0x0000000008006770                APBPrescTable
                0x0000000008006778                . = ALIGN (0x4)

.rel.dyn        0x0000000008006778        0x0
 .rel.iplt      0x0000000008006778        0x0 /home/igor/stm32cubeide/plugins/com.st.stm32cube.ide.mcu.externaltools.gnu-tools-for-stm32.7-2018-q2-update.linux64_1.4.0.202007081208/tools/bin/../lib/gcc/arm-none-eabi/7.3.1/thumb/v7-m/crtbegin.o

.ARM.extab      0x0000000008006778        0x0
                0x0000000008006778                . = ALIGN (0x4)
 *(.ARM.extab* .gnu.linkonce.armextab.*)
                0x0000000008006778                . = ALIGN (0x4)

.ARM            0x0000000008006778        0x0
                0x0000000008006778                . = ALIGN (0x4)
                0x0000000008006778                __exidx_start = .
 *(.ARM.exidx*)
                0x0000000008006778                __exidx_end = .
                0x0000000008006778                . = ALIGN (0x4)

.preinit_array  0x0000000008006778        0x0
                0x0000000008006778                . = ALIGN (0x4)
                0x0000000008006778                PROVIDE (__preinit_array_start = .)
 *(.preinit_array*)
                0x0000000008006778                PROVIDE (__preinit_array_end = .)
                0x0000000008006778                . = ALIGN (0x4)

.init_array     0x0000000008006778        0x4
                0x0000000008006778                . = ALIGN (0x4)
                0x0000000008006778                PROVIDE (__init_array_start = .)
 *(SORT_BY_NAME(.init_array.*))
 *(.init_array*)
 .init_array    0x0000000008006778        0x4 /home/igor/stm32cubeide/plugins/com.st.stm32cube.ide.mcu.externaltools.gnu-tools-for-stm32.7-2018-q2-update.linux64_1.4.0.202007081208/tools/bin/../lib/gcc/arm-none-eabi/7.3.1/thumb/v7-m/crtbegin.o
                0x000000000800677c                PROVIDE (__init_array_end = .)
                0x000000000800677c                . = ALIGN (0x4)

.fini_array     0x000000000800677c        0x4
                0x000000000800677c                . = ALIGN (0x4)
                [!provide]                        PROVIDE (__fini_array_start = .)
 *(SORT_BY_NAME(.fini_array.*))
 *(.fini_array*)
 .fini_array    0x000000000800677c        0x4 /home/igor/stm32cubeide/plugins/com.st.stm32cube.ide.mcu.externaltools.gnu-tools-for-stm32.7-2018-q2-update.linux64_1.4.0.202007081208/tools/bin/../lib/gcc/arm-none-eabi/7.3.1/thumb/v7-m/crtbegin.o
                [!provide]                        PROVIDE (__fini_array_end = .)
                0x0000000008006780                . = ALIGN (0x4)
                0x0000000008006780                _sidata = LOADADDR (.data)

.data           0x0000000020000000       0x38 load address 0x0000000008006780
                0x0000000020000000                . = ALIGN (0x4)
                0x0000000020000000                _sdata = .
 *(.data)
 *(.data*)
 .data.encoder_ratio
                0x0000000020000000        0x4 Core/Src/main.o
                0x0000000020000000                encoder_ratio
 .data.header_id
                0x0000000020000004        0x4 Core/Src/main.o
                0x0000000020000004                header_id
 .data.filter_id
                0x0000000020000008        0x4 Core/Src/main.o
                0x0000000020000008                filter_id
 .data._dt      0x000000002000000c        0x4 Core/Src/main.o
                0x000000002000000c                _dt
 .data._Max     0x0000000020000010        0x4 Core/Src/main.o
                0x0000000020000010                _Max
 .data._max     0x0000000020000014        0x4 Core/Src/main.o
                0x0000000020000014                _max
 .data._min     0x0000000020000018        0x4 Core/Src/main.o
                0x0000000020000018                _min
 .data._Kp      0x000000002000001c        0x4 Core/Src/main.o
                0x000000002000001c                _Kp
 .data._Kd      0x0000000020000020        0x4 Core/Src/main.o
                0x0000000020000020                _Kd
 .data.status   0x0000000020000024        0x1 Core/Src/main.o
                0x0000000020000024                status
 *fill*         0x0000000020000025        0x3 
 .data.SystemCoreClock
                0x0000000020000028        0x4 Core/Src/system_stm32f1xx.o
                0x0000000020000028                SystemCoreClock
 .data.uwTickPrio
                0x000000002000002c        0x4 Drivers/STM32F1xx_HAL_Driver/Src/stm32f1xx_hal.o
                0x000000002000002c                uwTickPrio
 .data.uwTickFreq
                0x0000000020000030        0x1 Drivers/STM32F1xx_HAL_Driver/Src/stm32f1xx_hal.o
                0x0000000020000030                uwTickFreq
 *fill*         0x0000000020000031        0x3 
 .data.uxCriticalNesting
                0x0000000020000034        0x4 Middlewares/Third_Party/FreeRTOS/Source/portable/GCC/ARM_CM3/port.o
                0x0000000020000038                . = ALIGN (0x4)
                0x0000000020000038                _edata = .

.igot.plt       0x0000000020000038        0x0 load address 0x00000000080067b8
 .igot.plt      0x0000000020000038        0x0 /home/igor/stm32cubeide/plugins/com.st.stm32cube.ide.mcu.externaltools.gnu-tools-for-stm32.7-2018-q2-update.linux64_1.4.0.202007081208/tools/bin/../lib/gcc/arm-none-eabi/7.3.1/thumb/v7-m/crtbegin.o
                0x0000000020000038                . = ALIGN (0x4)

.bss            0x0000000020000038     0x1af8 load address 0x00000000080067b8
                0x0000000020000038                _sbss = .
                0x0000000020000038                __bss_start__ = _sbss
 *(.bss)
 .bss           0x0000000020000038       0x1c /home/igor/stm32cubeide/plugins/com.st.stm32cube.ide.mcu.externaltools.gnu-tools-for-stm32.7-2018-q2-update.linux64_1.4.0.202007081208/tools/bin/../lib/gcc/arm-none-eabi/7.3.1/thumb/v7-m/crtbegin.o
 *(.bss*)
 .bss.driver_tx_data
                0x0000000020000054        0x4 Core/Src/main.o
                0x0000000020000054                driver_tx_data
 .bss.can_rx_control_data
                0x0000000020000058        0x8 Core/Src/main.o
                0x0000000020000058                can_rx_control_data
 .bss.dc_driver_pwm
                0x0000000020000060        0x2 Core/Src/main.o
                0x0000000020000060                dc_driver_pwm
 .bss.current_st
                0x0000000020000062        0x1 Core/Src/main.o
                0x0000000020000062                current_st
 *fill*         0x0000000020000063        0x1 
 .bss._Min      0x0000000020000064        0x4 Core/Src/main.o
                0x0000000020000064                _Min
 .bss._pre_error
                0x0000000020000068        0x4 Core/Src/main.o
                0x0000000020000068                _pre_error
 .bss.u_pwm     0x000000002000006c        0x4 Core/Src/main.o
                0x000000002000006c                u_pwm
 .bss.KernelState
                0x0000000020000070        0x4 Middlewares/Third_Party/FreeRTOS/Source/CMSIS_RTOS_V2/cmsis_os2.o
 .bss.Idle_TCB  0x0000000020000074       0x5c Middlewares/Third_Party/FreeRTOS/Source/CMSIS_RTOS_V2/cmsis_os2.o
 .bss.Idle_Stack
                0x00000000200000d0      0x200 Middlewares/Third_Party/FreeRTOS/Source/CMSIS_RTOS_V2/cmsis_os2.o
 .bss.Timer_TCB
                0x00000000200002d0       0x5c Middlewares/Third_Party/FreeRTOS/Source/CMSIS_RTOS_V2/cmsis_os2.o
 .bss.Timer_Stack
                0x000000002000032c      0x400 Middlewares/Third_Party/FreeRTOS/Source/CMSIS_RTOS_V2/cmsis_os2.o
 .bss.pxCurrentTCB
                0x000000002000072c        0x4 Middlewares/Third_Party/FreeRTOS/Source/tasks.o
                0x000000002000072c                pxCurrentTCB
 .bss.pxReadyTasksLists
                0x0000000020000730      0x460 Middlewares/Third_Party/FreeRTOS/Source/tasks.o
 .bss.xDelayedTaskList1
                0x0000000020000b90       0x14 Middlewares/Third_Party/FreeRTOS/Source/tasks.o
 .bss.xDelayedTaskList2
                0x0000000020000ba4       0x14 Middlewares/Third_Party/FreeRTOS/Source/tasks.o
 .bss.pxDelayedTaskList
                0x0000000020000bb8        0x4 Middlewares/Third_Party/FreeRTOS/Source/tasks.o
 .bss.pxOverflowDelayedTaskList
                0x0000000020000bbc        0x4 Middlewares/Third_Party/FreeRTOS/Source/tasks.o
 .bss.xPendingReadyList
                0x0000000020000bc0       0x14 Middlewares/Third_Party/FreeRTOS/Source/tasks.o
 .bss.xTasksWaitingTermination
                0x0000000020000bd4       0x14 Middlewares/Third_Party/FreeRTOS/Source/tasks.o
 .bss.uxDeletedTasksWaitingCleanUp
                0x0000000020000be8        0x4 Middlewares/Third_Party/FreeRTOS/Source/tasks.o
 .bss.xSuspendedTaskList
                0x0000000020000bec       0x14 Middlewares/Third_Party/FreeRTOS/Source/tasks.o
 .bss.uxCurrentNumberOfTasks
                0x0000000020000c00        0x4 Middlewares/Third_Party/FreeRTOS/Source/tasks.o
 .bss.xTickCount
                0x0000000020000c04        0x4 Middlewares/Third_Party/FreeRTOS/Source/tasks.o
 .bss.uxTopReadyPriority
                0x0000000020000c08        0x4 Middlewares/Third_Party/FreeRTOS/Source/tasks.o
 .bss.xSchedulerRunning
                0x0000000020000c0c        0x4 Middlewares/Third_Party/FreeRTOS/Source/tasks.o
 .bss.uxPendedTicks
                0x0000000020000c10        0x4 Middlewares/Third_Party/FreeRTOS/Source/tasks.o
 .bss.xYieldPending
                0x0000000020000c14        0x4 Middlewares/Third_Party/FreeRTOS/Source/tasks.o
 .bss.xNumOfOverflows
                0x0000000020000c18        0x4 Middlewares/Third_Party/FreeRTOS/Source/tasks.o
 .bss.uxTaskNumber
                0x0000000020000c1c        0x4 Middlewares/Third_Party/FreeRTOS/Source/tasks.o
 .bss.xNextTaskUnblockTime
                0x0000000020000c20        0x4 Middlewares/Third_Party/FreeRTOS/Source/tasks.o
 .bss.xIdleTaskHandle
                0x0000000020000c24        0x4 Middlewares/Third_Party/FreeRTOS/Source/tasks.o
 .bss.uxSchedulerSuspended
                0x0000000020000c28        0x4 Middlewares/Third_Party/FreeRTOS/Source/tasks.o
 .bss.xActiveTimerList1
                0x0000000020000c2c       0x14 Middlewares/Third_Party/FreeRTOS/Source/timers.o
 .bss.xActiveTimerList2
                0x0000000020000c40       0x14 Middlewares/Third_Party/FreeRTOS/Source/timers.o
 .bss.pxCurrentTimerList
                0x0000000020000c54        0x4 Middlewares/Third_Party/FreeRTOS/Source/timers.o
 .bss.pxOverflowTimerList
                0x0000000020000c58        0x4 Middlewares/Third_Party/FreeRTOS/Source/timers.o
 .bss.xTimerQueue
                0x0000000020000c5c        0x4 Middlewares/Third_Party/FreeRTOS/Source/timers.o
 .bss.xTimerTaskHandle
                0x0000000020000c60        0x4 Middlewares/Third_Party/FreeRTOS/Source/timers.o
 .bss.xLastTime.5452
                0x0000000020000c64        0x4 Middlewares/Third_Party/FreeRTOS/Source/timers.o
 .bss.ucStaticTimerQueueStorage.5503
                0x0000000020000c68       0xa0 Middlewares/Third_Party/FreeRTOS/Source/timers.o
 .bss.xStaticTimerQueue.5502
                0x0000000020000d08       0x50 Middlewares/Third_Party/FreeRTOS/Source/timers.o
 .bss.ucMaxSysCallPriority
                0x0000000020000d58        0x1 Middlewares/Third_Party/FreeRTOS/Source/portable/GCC/ARM_CM3/port.o
 *fill*         0x0000000020000d59        0x3 
 .bss.ulMaxPRIGROUPValue
                0x0000000020000d5c        0x4 Middlewares/Third_Party/FreeRTOS/Source/portable/GCC/ARM_CM3/port.o
 .bss.ucHeap    0x0000000020000d60      0xc00 Middlewares/Third_Party/FreeRTOS/Source/portable/MemMang/heap_4.o
 .bss.xStart    0x0000000020001960        0x8 Middlewares/Third_Party/FreeRTOS/Source/portable/MemMang/heap_4.o
 .bss.pxEnd     0x0000000020001968        0x4 Middlewares/Third_Party/FreeRTOS/Source/portable/MemMang/heap_4.o
 .bss.xFreeBytesRemaining
                0x000000002000196c        0x4 Middlewares/Third_Party/FreeRTOS/Source/portable/MemMang/heap_4.o
 .bss.xMinimumEverFreeBytesRemaining
                0x0000000020001970        0x4 Middlewares/Third_Party/FreeRTOS/Source/portable/MemMang/heap_4.o
 .bss.xBlockAllocatedBit
                0x0000000020001974        0x4 Middlewares/Third_Party/FreeRTOS/Source/portable/MemMang/heap_4.o
 *(COMMON)
 COMMON         0x0000000020001978      0x132 Core/Src/main.o
                0x0000000020001978                sFilterConfig
                0x00000000200019a0                secondTaskHandle
                0x00000000200019a4                tim1_tick
                0x00000000200019a8                f
                0x00000000200019ac                hcan
                0x00000000200019d4                firstTaskHandle
                0x00000000200019d8                can_rx_side
                0x00000000200019d9                can_tx_side
                0x00000000200019dc                thirdTaskHandle
                0x00000000200019e0                encoder_tick
                0x00000000200019e4                can
                0x00000000200019e8                htim1
                0x0000000020001a28                TxMailbox
                0x0000000020001a2c                sys_tick
                0x0000000020001a30                pwm
                0x0000000020001a34                htim2
                0x0000000020001a74                pRxHeader
                0x0000000020001a90                pHeader
                0x0000000020001aa8                can_rx_speed
                0x0000000020001aa9                encoder_speed
 *fill*         0x0000000020001aaa        0x2 
 COMMON         0x0000000020001aac       0x40 Core/Src/stm32f1xx_hal_timebase_tim.o
                0x0000000020001aac                htim4
 COMMON         0x0000000020001aec        0x4 Drivers/STM32F1xx_HAL_Driver/Src/stm32f1xx_hal.o
                0x0000000020001aec                uwTick
 COMMON         0x0000000020001af0       0x40 Middlewares/Third_Party/FreeRTOS/Source/queue.o
                0x0000000020001af0                xQueueRegistry
                0x0000000020001b30                . = ALIGN (0x4)
                0x0000000020001b30                _ebss = .
                0x0000000020001b30                __bss_end__ = _ebss

._user_heap_stack
                0x0000000020001b30      0x600 load address 0x00000000080067b8
                0x0000000020001b30                . = ALIGN (0x8)
                [!provide]                        PROVIDE (end = .)
                0x0000000020001b30                PROVIDE (_end = .)
                0x0000000020001d30                . = (. + _Min_Heap_Size)
 *fill*         0x0000000020001b30      0x200 
                0x0000000020002130                . = (. + _Min_Stack_Size)
 *fill*         0x0000000020001d30      0x400 
                0x0000000020002130                . = ALIGN (0x8)

/DISCARD/
 libc.a(*)
 libm.a(*)
 libgcc.a(*)

.ARM.attributes
                0x0000000000000000       0x29
 *(.ARM.attributes)
 .ARM.attributes
                0x0000000000000000       0x1d /home/igor/stm32cubeide/plugins/com.st.stm32cube.ide.mcu.externaltools.gnu-tools-for-stm32.7-2018-q2-update.linux64_1.4.0.202007081208/tools/bin/../lib/gcc/arm-none-eabi/7.3.1/thumb/v7-m/crti.o
 .ARM.attributes
                0x000000000000001d       0x2d /home/igor/stm32cubeide/plugins/com.st.stm32cube.ide.mcu.externaltools.gnu-tools-for-stm32.7-2018-q2-update.linux64_1.4.0.202007081208/tools/bin/../lib/gcc/arm-none-eabi/7.3.1/thumb/v7-m/crtbegin.o
 .ARM.attributes
                0x000000000000004a       0x33 Core/Src/main.o
 .ARM.attributes
                0x000000000000007d       0x33 Core/Src/stm32f1xx_hal_msp.o
 .ARM.attributes
                0x00000000000000b0       0x33 Core/Src/stm32f1xx_hal_timebase_tim.o
 .ARM.attributes
                0x00000000000000e3       0x33 Core/Src/stm32f1xx_it.o
 .ARM.attributes
                0x0000000000000116       0x33 Core/Src/system_stm32f1xx.o
 .ARM.attributes
                0x0000000000000149       0x21 Core/Startup/startup_stm32f103c8tx.o
 .ARM.attributes
                0x000000000000016a       0x33 Drivers/STM32F1xx_HAL_Driver/Src/stm32f1xx_hal.o
 .ARM.attributes
                0x000000000000019d       0x33 Drivers/STM32F1xx_HAL_Driver/Src/stm32f1xx_hal_can.o
 .ARM.attributes
                0x00000000000001d0       0x33 Drivers/STM32F1xx_HAL_Driver/Src/stm32f1xx_hal_cortex.o
 .ARM.attributes
                0x0000000000000203       0x33 Drivers/STM32F1xx_HAL_Driver/Src/stm32f1xx_hal_gpio.o
 .ARM.attributes
                0x0000000000000236       0x33 Drivers/STM32F1xx_HAL_Driver/Src/stm32f1xx_hal_rcc.o
 .ARM.attributes
                0x0000000000000269       0x33 Drivers/STM32F1xx_HAL_Driver/Src/stm32f1xx_hal_tim.o
 .ARM.attributes
                0x000000000000029c       0x33 Drivers/STM32F1xx_HAL_Driver/Src/stm32f1xx_hal_tim_ex.o
 .ARM.attributes
                0x00000000000002cf       0x33 Middlewares/Third_Party/FreeRTOS/Source/CMSIS_RTOS_V2/cmsis_os2.o
 .ARM.attributes
                0x0000000000000302       0x33 Middlewares/Third_Party/FreeRTOS/Source/list.o
 .ARM.attributes
                0x0000000000000335       0x33 Middlewares/Third_Party/FreeRTOS/Source/queue.o
 .ARM.attributes
                0x0000000000000368       0x33 Middlewares/Third_Party/FreeRTOS/Source/tasks.o
 .ARM.attributes
                0x000000000000039b       0x33 Middlewares/Third_Party/FreeRTOS/Source/timers.o
 .ARM.attributes
                0x00000000000003ce       0x33 Middlewares/Third_Party/FreeRTOS/Source/portable/GCC/ARM_CM3/port.o
 .ARM.attributes
                0x0000000000000401       0x33 Middlewares/Third_Party/FreeRTOS/Source/portable/MemMang/heap_4.o
 .ARM.attributes
                0x0000000000000434       0x2d /home/igor/stm32cubeide/plugins/com.st.stm32cube.ide.mcu.externaltools.gnu-tools-for-stm32.7-2018-q2-update.linux64_1.4.0.202007081208/tools/bin/../lib/gcc/arm-none-eabi/7.3.1/../../../../arm-none-eabi/lib/thumb/v7-m/libc_nano.a(lib_a-init.o)
 .ARM.attributes
                0x0000000000000461       0x2d /home/igor/stm32cubeide/plugins/com.st.stm32cube.ide.mcu.externaltools.gnu-tools-for-stm32.7-2018-q2-update.linux64_1.4.0.202007081208/tools/bin/../lib/gcc/arm-none-eabi/7.3.1/../../../../arm-none-eabi/lib/thumb/v7-m/libc_nano.a(lib_a-memcpy-stub.o)
 .ARM.attributes
                0x000000000000048e       0x2d /home/igor/stm32cubeide/plugins/com.st.stm32cube.ide.mcu.externaltools.gnu-tools-for-stm32.7-2018-q2-update.linux64_1.4.0.202007081208/tools/bin/../lib/gcc/arm-none-eabi/7.3.1/../../../../arm-none-eabi/lib/thumb/v7-m/libc_nano.a(lib_a-memset.o)
 .ARM.attributes
                0x00000000000004bb       0x1d /home/igor/stm32cubeide/plugins/com.st.stm32cube.ide.mcu.externaltools.gnu-tools-for-stm32.7-2018-q2-update.linux64_1.4.0.202007081208/tools/bin/../lib/gcc/arm-none-eabi/7.3.1/thumb/v7-m/libgcc.a(_arm_addsubsf3.o)
 .ARM.attributes
                0x00000000000004d8       0x1d /home/igor/stm32cubeide/plugins/com.st.stm32cube.ide.mcu.externaltools.gnu-tools-for-stm32.7-2018-q2-update.linux64_1.4.0.202007081208/tools/bin/../lib/gcc/arm-none-eabi/7.3.1/thumb/v7-m/libgcc.a(_arm_muldivsf3.o)
 .ARM.attributes
                0x00000000000004f5       0x1d /home/igor/stm32cubeide/plugins/com.st.stm32cube.ide.mcu.externaltools.gnu-tools-for-stm32.7-2018-q2-update.linux64_1.4.0.202007081208/tools/bin/../lib/gcc/arm-none-eabi/7.3.1/thumb/v7-m/libgcc.a(_arm_cmpsf2.o)
 .ARM.attributes
                0x0000000000000512       0x1d /home/igor/stm32cubeide/plugins/com.st.stm32cube.ide.mcu.externaltools.gnu-tools-for-stm32.7-2018-q2-update.linux64_1.4.0.202007081208/tools/bin/../lib/gcc/arm-none-eabi/7.3.1/thumb/v7-m/libgcc.a(_arm_fixunssfsi.o)
 .ARM.attributes
                0x000000000000052f       0x1d /home/igor/stm32cubeide/plugins/com.st.stm32cube.ide.mcu.externaltools.gnu-tools-for-stm32.7-2018-q2-update.linux64_1.4.0.202007081208/tools/bin/../lib/gcc/arm-none-eabi/7.3.1/thumb/v7-m/crtn.o
OUTPUT(stm32-f103-dc-driver-ft.elf elf32-littlearm)

.debug_info     0x0000000000000000    0x1672f
 .debug_info    0x0000000000000000     0x1807 Core/Src/main.o
 .debug_info    0x0000000000001807      0xe46 Core/Src/stm32f1xx_hal_msp.o
 .debug_info    0x000000000000264d      0x8e8 Core/Src/stm32f1xx_hal_timebase_tim.o
 .debug_info    0x0000000000002f35      0xbdd Core/Src/stm32f1xx_it.o
 .debug_info    0x0000000000003b12      0x433 Core/Src/system_stm32f1xx.o
 .debug_info    0x0000000000003f45       0x22 Core/Startup/startup_stm32f103c8tx.o
 .debug_info    0x0000000000003f67      0x6fe Drivers/STM32F1xx_HAL_Driver/Src/stm32f1xx_hal.o
 .debug_info    0x0000000000004665      0xf92 Drivers/STM32F1xx_HAL_Driver/Src/stm32f1xx_hal_can.o
 .debug_info    0x00000000000055f7      0xb46 Drivers/STM32F1xx_HAL_Driver/Src/stm32f1xx_hal_cortex.o
 .debug_info    0x000000000000613d      0x681 Drivers/STM32F1xx_HAL_Driver/Src/stm32f1xx_hal_gpio.o
 .debug_info    0x00000000000067be      0x804 Drivers/STM32F1xx_HAL_Driver/Src/stm32f1xx_hal_rcc.o
 .debug_info    0x0000000000006fc2     0x2456 Drivers/STM32F1xx_HAL_Driver/Src/stm32f1xx_hal_tim.o
 .debug_info    0x0000000000009418     0x1104 Drivers/STM32F1xx_HAL_Driver/Src/stm32f1xx_hal_tim_ex.o
 .debug_info    0x000000000000a51c     0x403a Middlewares/Third_Party/FreeRTOS/Source/CMSIS_RTOS_V2/cmsis_os2.o
 .debug_info    0x000000000000e556      0xac5 Middlewares/Third_Party/FreeRTOS/Source/list.o
 .debug_info    0x000000000000f01b     0x22e8 Middlewares/Third_Party/FreeRTOS/Source/queue.o
 .debug_info    0x0000000000011303     0x294f Middlewares/Third_Party/FreeRTOS/Source/tasks.o
 .debug_info    0x0000000000013c52     0x1a21 Middlewares/Third_Party/FreeRTOS/Source/timers.o
 .debug_info    0x0000000000015673      0x4d2 Middlewares/Third_Party/FreeRTOS/Source/portable/GCC/ARM_CM3/port.o
 .debug_info    0x0000000000015b45      0xbea Middlewares/Third_Party/FreeRTOS/Source/portable/MemMang/heap_4.o

.debug_abbrev   0x0000000000000000     0x2bed
 .debug_abbrev  0x0000000000000000      0x2dd Core/Src/main.o
 .debug_abbrev  0x00000000000002dd      0x1e0 Core/Src/stm32f1xx_hal_msp.o
 .debug_abbrev  0x00000000000004bd      0x19d Core/Src/stm32f1xx_hal_timebase_tim.o
 .debug_abbrev  0x000000000000065a      0x1b4 Core/Src/stm32f1xx_it.o
 .debug_abbrev  0x000000000000080e      0x134 Core/Src/system_stm32f1xx.o
 .debug_abbrev  0x0000000000000942       0x12 Core/Startup/startup_stm32f103c8tx.o
 .debug_abbrev  0x0000000000000954      0x1d8 Drivers/STM32F1xx_HAL_Driver/Src/stm32f1xx_hal.o
 .debug_abbrev  0x0000000000000b2c      0x20e Drivers/STM32F1xx_HAL_Driver/Src/stm32f1xx_hal_can.o
 .debug_abbrev  0x0000000000000d3a      0x2d5 Drivers/STM32F1xx_HAL_Driver/Src/stm32f1xx_hal_cortex.o
 .debug_abbrev  0x000000000000100f      0x1c0 Drivers/STM32F1xx_HAL_Driver/Src/stm32f1xx_hal_gpio.o
 .debug_abbrev  0x00000000000011cf      0x243 Drivers/STM32F1xx_HAL_Driver/Src/stm32f1xx_hal_rcc.o
 .debug_abbrev  0x0000000000001412      0x230 Drivers/STM32F1xx_HAL_Driver/Src/stm32f1xx_hal_tim.o
 .debug_abbrev  0x0000000000001642      0x21e Drivers/STM32F1xx_HAL_Driver/Src/stm32f1xx_hal_tim_ex.o
 .debug_abbrev  0x0000000000001860      0x3a0 Middlewares/Third_Party/FreeRTOS/Source/CMSIS_RTOS_V2/cmsis_os2.o
 .debug_abbrev  0x0000000000001c00      0x1cf Middlewares/Third_Party/FreeRTOS/Source/list.o
 .debug_abbrev  0x0000000000001dcf      0x354 Middlewares/Third_Party/FreeRTOS/Source/queue.o
 .debug_abbrev  0x0000000000002123      0x350 Middlewares/Third_Party/FreeRTOS/Source/tasks.o
 .debug_abbrev  0x0000000000002473      0x2d7 Middlewares/Third_Party/FreeRTOS/Source/timers.o
 .debug_abbrev  0x000000000000274a      0x205 Middlewares/Third_Party/FreeRTOS/Source/portable/GCC/ARM_CM3/port.o
 .debug_abbrev  0x000000000000294f      0x29e Middlewares/Third_Party/FreeRTOS/Source/portable/MemMang/heap_4.o

.debug_aranges  0x0000000000000000     0x1228
 .debug_aranges
                0x0000000000000000       0xa0 Core/Src/main.o
 .debug_aranges
                0x00000000000000a0       0x48 Core/Src/stm32f1xx_hal_msp.o
 .debug_aranges
                0x00000000000000e8       0x30 Core/Src/stm32f1xx_hal_timebase_tim.o
 .debug_aranges
                0x0000000000000118       0x68 Core/Src/stm32f1xx_it.o
 .debug_aranges
                0x0000000000000180       0x28 Core/Src/system_stm32f1xx.o
 .debug_aranges
                0x00000000000001a8       0x28 Core/Startup/startup_stm32f103c8tx.o
 .debug_aranges
                0x00000000000001d0       0xe0 Drivers/STM32F1xx_HAL_Driver/Src/stm32f1xx_hal.o
 .debug_aranges
                0x00000000000002b0      0x138 Drivers/STM32F1xx_HAL_Driver/Src/stm32f1xx_hal_can.o
 .debug_aranges
                0x00000000000003e8      0x100 Drivers/STM32F1xx_HAL_Driver/Src/stm32f1xx_hal_cortex.o
 .debug_aranges
                0x00000000000004e8       0x58 Drivers/STM32F1xx_HAL_Driver/Src/stm32f1xx_hal_gpio.o
 .debug_aranges
                0x0000000000000540       0x90 Drivers/STM32F1xx_HAL_Driver/Src/stm32f1xx_hal_rcc.o
 .debug_aranges
                0x00000000000005d0      0x3a8 Drivers/STM32F1xx_HAL_Driver/Src/stm32f1xx_hal_tim.o
 .debug_aranges
                0x0000000000000978      0x150 Drivers/STM32F1xx_HAL_Driver/Src/stm32f1xx_hal_tim_ex.o
 .debug_aranges
                0x0000000000000ac8      0x228 Middlewares/Third_Party/FreeRTOS/Source/CMSIS_RTOS_V2/cmsis_os2.o
 .debug_aranges
                0x0000000000000cf0       0x40 Middlewares/Third_Party/FreeRTOS/Source/list.o
 .debug_aranges
                0x0000000000000d30      0x158 Middlewares/Third_Party/FreeRTOS/Source/queue.o
 .debug_aranges
                0x0000000000000e88      0x1f8 Middlewares/Third_Party/FreeRTOS/Source/tasks.o
 .debug_aranges
                0x0000000000001080       0xe0 Middlewares/Third_Party/FreeRTOS/Source/timers.o
 .debug_aranges
                0x0000000000001160       0x78 Middlewares/Third_Party/FreeRTOS/Source/portable/GCC/ARM_CM3/port.o
 .debug_aranges
                0x00000000000011d8       0x50 Middlewares/Third_Party/FreeRTOS/Source/portable/MemMang/heap_4.o

.debug_ranges   0x0000000000000000     0x10f0
 .debug_ranges  0x0000000000000000       0x90 Core/Src/main.o
 .debug_ranges  0x0000000000000090       0x38 Core/Src/stm32f1xx_hal_msp.o
 .debug_ranges  0x00000000000000c8       0x20 Core/Src/stm32f1xx_hal_timebase_tim.o
 .debug_ranges  0x00000000000000e8       0x58 Core/Src/stm32f1xx_it.o
 .debug_ranges  0x0000000000000140       0x18 Core/Src/system_stm32f1xx.o
 .debug_ranges  0x0000000000000158       0x20 Core/Startup/startup_stm32f103c8tx.o
 .debug_ranges  0x0000000000000178       0xd0 Drivers/STM32F1xx_HAL_Driver/Src/stm32f1xx_hal.o
 .debug_ranges  0x0000000000000248      0x128 Drivers/STM32F1xx_HAL_Driver/Src/stm32f1xx_hal_can.o
 .debug_ranges  0x0000000000000370       0xf0 Drivers/STM32F1xx_HAL_Driver/Src/stm32f1xx_hal_cortex.o
 .debug_ranges  0x0000000000000460       0x48 Drivers/STM32F1xx_HAL_Driver/Src/stm32f1xx_hal_gpio.o
 .debug_ranges  0x00000000000004a8       0x80 Drivers/STM32F1xx_HAL_Driver/Src/stm32f1xx_hal_rcc.o
 .debug_ranges  0x0000000000000528      0x398 Drivers/STM32F1xx_HAL_Driver/Src/stm32f1xx_hal_tim.o
 .debug_ranges  0x00000000000008c0      0x140 Drivers/STM32F1xx_HAL_Driver/Src/stm32f1xx_hal_tim_ex.o
 .debug_ranges  0x0000000000000a00      0x218 Middlewares/Third_Party/FreeRTOS/Source/CMSIS_RTOS_V2/cmsis_os2.o
 .debug_ranges  0x0000000000000c18       0x30 Middlewares/Third_Party/FreeRTOS/Source/list.o
 .debug_ranges  0x0000000000000c48      0x148 Middlewares/Third_Party/FreeRTOS/Source/queue.o
 .debug_ranges  0x0000000000000d90      0x1e8 Middlewares/Third_Party/FreeRTOS/Source/tasks.o
 .debug_ranges  0x0000000000000f78       0xd0 Middlewares/Third_Party/FreeRTOS/Source/timers.o
 .debug_ranges  0x0000000000001048       0x68 Middlewares/Third_Party/FreeRTOS/Source/portable/GCC/ARM_CM3/port.o
 .debug_ranges  0x00000000000010b0       0x40 Middlewares/Third_Party/FreeRTOS/Source/portable/MemMang/heap_4.o

.debug_macro    0x0000000000000000     0x273b
 .debug_macro   0x0000000000000000      0x229 Core/Src/main.o
 .debug_macro   0x0000000000000229       0x5b Core/Src/main.o
 .debug_macro   0x0000000000000284       0x74 Core/Src/main.o
 .debug_macro   0x00000000000002f8      0x122 Core/Src/main.o
 .debug_macro   0x000000000000041a       0xdd Core/Src/main.o
 .debug_macro   0x00000000000004f7      0x1a4 Core/Src/stm32f1xx_hal_msp.o
 .debug_macro   0x000000000000069b      0x19a Core/Src/stm32f1xx_hal_timebase_tim.o
 .debug_macro   0x0000000000000835      0x1ae Core/Src/stm32f1xx_it.o
 .debug_macro   0x00000000000009e3      0x1a0 Core/Src/system_stm32f1xx.o
 .debug_macro   0x0000000000000b83      0x1be Drivers/STM32F1xx_HAL_Driver/Src/stm32f1xx_hal.o
 .debug_macro   0x0000000000000d41      0x1a2 Drivers/STM32F1xx_HAL_Driver/Src/stm32f1xx_hal_can.o
 .debug_macro   0x0000000000000ee3      0x19a Drivers/STM32F1xx_HAL_Driver/Src/stm32f1xx_hal_cortex.o
 .debug_macro   0x000000000000107d      0x205 Drivers/STM32F1xx_HAL_Driver/Src/stm32f1xx_hal_gpio.o
 .debug_macro   0x0000000000001282      0x1ac Drivers/STM32F1xx_HAL_Driver/Src/stm32f1xx_hal_rcc.o
 .debug_macro   0x000000000000142e      0x19b Drivers/STM32F1xx_HAL_Driver/Src/stm32f1xx_hal_tim.o
 .debug_macro   0x00000000000015c9      0x19a Drivers/STM32F1xx_HAL_Driver/Src/stm32f1xx_hal_tim_ex.o
 .debug_macro   0x0000000000001763      0x23a Middlewares/Third_Party/FreeRTOS/Source/CMSIS_RTOS_V2/cmsis_os2.o
 .debug_macro   0x000000000000199d       0x10 Middlewares/Third_Party/FreeRTOS/Source/CMSIS_RTOS_V2/cmsis_os2.o
 .debug_macro   0x00000000000019ad       0x20 Middlewares/Third_Party/FreeRTOS/Source/CMSIS_RTOS_V2/cmsis_os2.o
 .debug_macro   0x00000000000019cd       0x10 Middlewares/Third_Party/FreeRTOS/Source/CMSIS_RTOS_V2/cmsis_os2.o
 .debug_macro   0x00000000000019dd       0xb7 Middlewares/Third_Party/FreeRTOS/Source/CMSIS_RTOS_V2/cmsis_os2.o
 .debug_macro   0x0000000000001a94       0x91 Middlewares/Third_Party/FreeRTOS/Source/CMSIS_RTOS_V2/cmsis_os2.o
 .debug_macro   0x0000000000001b25       0x8d Middlewares/Third_Party/FreeRTOS/Source/CMSIS_RTOS_V2/cmsis_os2.o
 .debug_macro   0x0000000000001bb2       0x9a Middlewares/Third_Party/FreeRTOS/Source/CMSIS_RTOS_V2/cmsis_os2.o
 .debug_macro   0x0000000000001c4c      0x17a Middlewares/Third_Party/FreeRTOS/Source/list.o
 .debug_macro   0x0000000000001dc6      0x205 Middlewares/Third_Party/FreeRTOS/Source/queue.o
 .debug_macro   0x0000000000001fcb       0x16 Middlewares/Third_Party/FreeRTOS/Source/queue.o
 .debug_macro   0x0000000000001fe1      0x27a Middlewares/Third_Party/FreeRTOS/Source/tasks.o
 .debug_macro   0x000000000000225b       0x10 Middlewares/Third_Party/FreeRTOS/Source/tasks.o
 .debug_macro   0x000000000000226b      0x1bd Middlewares/Third_Party/FreeRTOS/Source/timers.o
 .debug_macro   0x0000000000002428      0x172 Middlewares/Third_Party/FreeRTOS/Source/portable/GCC/ARM_CM3/port.o
 .debug_macro   0x000000000000259a      0x1a1 Middlewares/Third_Party/FreeRTOS/Source/portable/MemMang/heap_4.o

.debug_line     0x0000000000000000     0xd1fd
 .debug_line    0x0000000000000000      0x968 Core/Src/main.o
 .debug_line    0x0000000000000968      0x689 Core/Src/stm32f1xx_hal_msp.o
 .debug_line    0x0000000000000ff1      0x639 Core/Src/stm32f1xx_hal_timebase_tim.o
 .debug_line    0x000000000000162a      0x6c2 Core/Src/stm32f1xx_it.o
 .debug_line    0x0000000000001cec      0x636 Core/Src/system_stm32f1xx.o
 .debug_line    0x0000000000002322       0x84 Core/Startup/startup_stm32f103c8tx.o
 .debug_line    0x00000000000023a6      0x7de Drivers/STM32F1xx_HAL_Driver/Src/stm32f1xx_hal.o
 .debug_line    0x0000000000002b84      0xaae Drivers/STM32F1xx_HAL_Driver/Src/stm32f1xx_hal_can.o
 .debug_line    0x0000000000003632      0x8b7 Drivers/STM32F1xx_HAL_Driver/Src/stm32f1xx_hal_cortex.o
 .debug_line    0x0000000000003ee9      0x7de Drivers/STM32F1xx_HAL_Driver/Src/stm32f1xx_hal_gpio.o
 .debug_line    0x00000000000046c7      0x8a0 Drivers/STM32F1xx_HAL_Driver/Src/stm32f1xx_hal_rcc.o
 .debug_line    0x0000000000004f67     0x16a4 Drivers/STM32F1xx_HAL_Driver/Src/stm32f1xx_hal_tim.o
 .debug_line    0x000000000000660b      0xbf1 Drivers/STM32F1xx_HAL_Driver/Src/stm32f1xx_hal_tim_ex.o
 .debug_line    0x00000000000071fc     0x1dea Middlewares/Third_Party/FreeRTOS/Source/CMSIS_RTOS_V2/cmsis_os2.o
 .debug_line    0x0000000000008fe6      0x62f Middlewares/Third_Party/FreeRTOS/Source/list.o
 .debug_line    0x0000000000009615     0x10ba Middlewares/Third_Party/FreeRTOS/Source/queue.o
 .debug_line    0x000000000000a6cf     0x1406 Middlewares/Third_Party/FreeRTOS/Source/tasks.o
 .debug_line    0x000000000000bad5      0x9e6 Middlewares/Third_Party/FreeRTOS/Source/timers.o
 .debug_line    0x000000000000c4bb      0x62d Middlewares/Third_Party/FreeRTOS/Source/portable/GCC/ARM_CM3/port.o
 .debug_line    0x000000000000cae8      0x715 Middlewares/Third_Party/FreeRTOS/Source/portable/MemMang/heap_4.o

.debug_str      0x0000000000000000    0x7ac5c
 .debug_str     0x0000000000000000    0x6f5db Core/Src/main.o
                                      0x6f9e6 (size before relaxing)
 .debug_str     0x000000000006f5db       0xbc Core/Src/stm32f1xx_hal_msp.o
                                      0x6b8a8 (size before relaxing)
 .debug_str     0x000000000006f697       0xaa Core/Src/stm32f1xx_hal_timebase_tim.o
                                      0x6b63a (size before relaxing)
 .debug_str     0x000000000006f741       0xb3 Core/Src/stm32f1xx_it.o
                                      0x6b674 (size before relaxing)
 .debug_str     0x000000000006f7f4       0xc2 Core/Src/system_stm32f1xx.o
                                      0x6af58 (size before relaxing)
 .debug_str     0x000000000006f8b6       0x36 Core/Startup/startup_stm32f103c8tx.o
                                         0x7c (size before relaxing)
 .debug_str     0x000000000006f8ec      0x37a Drivers/STM32F1xx_HAL_Driver/Src/stm32f1xx_hal.o
                                      0x6b569 (size before relaxing)
 .debug_str     0x000000000006fc66      0x469 Drivers/STM32F1xx_HAL_Driver/Src/stm32f1xx_hal_can.o
                                      0x6b6fe (size before relaxing)
 .debug_str     0x00000000000700cf      0x297 Drivers/STM32F1xx_HAL_Driver/Src/stm32f1xx_hal_cortex.o
                                      0x6b577 (size before relaxing)
 .debug_str     0x0000000000070366      0x324 Drivers/STM32F1xx_HAL_Driver/Src/stm32f1xx_hal_gpio.o
                                      0x6b2a2 (size before relaxing)
 .debug_str     0x000000000007068a      0x259 Drivers/STM32F1xx_HAL_Driver/Src/stm32f1xx_hal_rcc.o
                                      0x6b2db (size before relaxing)
 .debug_str     0x00000000000708e3      0xd04 Drivers/STM32F1xx_HAL_Driver/Src/stm32f1xx_hal_tim.o
                                      0x6c0a6 (size before relaxing)
 .debug_str     0x00000000000715e7      0x52f Drivers/STM32F1xx_HAL_Driver/Src/stm32f1xx_hal_tim_ex.o
                                      0x6b8a6 (size before relaxing)
 .debug_str     0x0000000000071b16     0x6475 Middlewares/Third_Party/FreeRTOS/Source/CMSIS_RTOS_V2/cmsis_os2.o
                                       0xdd7b (size before relaxing)
 .debug_str     0x0000000000077f8b      0x225 Middlewares/Third_Party/FreeRTOS/Source/list.o
                                       0xa3d8 (size before relaxing)
 .debug_str     0x00000000000781b0      0x8fd Middlewares/Third_Party/FreeRTOS/Source/queue.o
                                       0xbbfe (size before relaxing)
 .debug_str     0x0000000000078aad     0x12f3 Middlewares/Third_Party/FreeRTOS/Source/tasks.o
                                       0xc814 (size before relaxing)
 .debug_str     0x0000000000079da0      0x57d Middlewares/Third_Party/FreeRTOS/Source/timers.o
                                       0xc120 (size before relaxing)
 .debug_str     0x000000000007a31d      0x6ee Middlewares/Third_Party/FreeRTOS/Source/portable/GCC/ARM_CM3/port.o
                                       0x7fbc (size before relaxing)
 .debug_str     0x000000000007aa0b      0x251 Middlewares/Third_Party/FreeRTOS/Source/portable/MemMang/heap_4.o
                                       0xaafb (size before relaxing)

.comment        0x0000000000000000       0x7b
 .comment       0x0000000000000000       0x7b Core/Src/main.o
                                         0x7c (size before relaxing)
 .comment       0x000000000000007b       0x7c Core/Src/stm32f1xx_hal_msp.o
 .comment       0x000000000000007b       0x7c Core/Src/stm32f1xx_hal_timebase_tim.o
 .comment       0x000000000000007b       0x7c Core/Src/stm32f1xx_it.o
 .comment       0x000000000000007b       0x7c Core/Src/system_stm32f1xx.o
 .comment       0x000000000000007b       0x7c Drivers/STM32F1xx_HAL_Driver/Src/stm32f1xx_hal.o
 .comment       0x000000000000007b       0x7c Drivers/STM32F1xx_HAL_Driver/Src/stm32f1xx_hal_can.o
 .comment       0x000000000000007b       0x7c Drivers/STM32F1xx_HAL_Driver/Src/stm32f1xx_hal_cortex.o
 .comment       0x000000000000007b       0x7c Drivers/STM32F1xx_HAL_Driver/Src/stm32f1xx_hal_gpio.o
 .comment       0x000000000000007b       0x7c Drivers/STM32F1xx_HAL_Driver/Src/stm32f1xx_hal_rcc.o
 .comment       0x000000000000007b       0x7c Drivers/STM32F1xx_HAL_Driver/Src/stm32f1xx_hal_tim.o
 .comment       0x000000000000007b       0x7c Drivers/STM32F1xx_HAL_Driver/Src/stm32f1xx_hal_tim_ex.o
 .comment       0x000000000000007b       0x7c Middlewares/Third_Party/FreeRTOS/Source/CMSIS_RTOS_V2/cmsis_os2.o
 .comment       0x000000000000007b       0x7c Middlewares/Third_Party/FreeRTOS/Source/list.o
 .comment       0x000000000000007b       0x7c Middlewares/Third_Party/FreeRTOS/Source/queue.o
 .comment       0x000000000000007b       0x7c Middlewares/Third_Party/FreeRTOS/Source/tasks.o
 .comment       0x000000000000007b       0x7c Middlewares/Third_Party/FreeRTOS/Source/timers.o
 .comment       0x000000000000007b       0x7c Middlewares/Third_Party/FreeRTOS/Source/portable/GCC/ARM_CM3/port.o
 .comment       0x000000000000007b       0x7c Middlewares/Third_Party/FreeRTOS/Source/portable/MemMang/heap_4.o

.debug_frame    0x0000000000000000     0x4d60
 .debug_frame   0x0000000000000000      0x258 Core/Src/main.o
 .debug_frame   0x0000000000000258       0xec Core/Src/stm32f1xx_hal_msp.o
 .debug_frame   0x0000000000000344       0x74 Core/Src/stm32f1xx_hal_timebase_tim.o
 .debug_frame   0x00000000000003b8      0x120 Core/Src/stm32f1xx_it.o
 .debug_frame   0x00000000000004d8       0x58 Core/Src/system_stm32f1xx.o
 .debug_frame   0x0000000000000530      0x334 Drivers/STM32F1xx_HAL_Driver/Src/stm32f1xx_hal.o
 .debug_frame   0x0000000000000864      0x5a0 Drivers/STM32F1xx_HAL_Driver/Src/stm32f1xx_hal_can.o
 .debug_frame   0x0000000000000e04      0x428 Drivers/STM32F1xx_HAL_Driver/Src/stm32f1xx_hal_cortex.o
 .debug_frame   0x000000000000122c      0x14c Drivers/STM32F1xx_HAL_Driver/Src/stm32f1xx_hal_gpio.o
 .debug_frame   0x0000000000001378      0x21c Drivers/STM32F1xx_HAL_Driver/Src/stm32f1xx_hal_rcc.o
 .debug_frame   0x0000000000001594     0x10e8 Drivers/STM32F1xx_HAL_Driver/Src/stm32f1xx_hal_tim.o
 .debug_frame   0x000000000000267c      0x5c0 Drivers/STM32F1xx_HAL_Driver/Src/stm32f1xx_hal_tim_ex.o
 .debug_frame   0x0000000000002c3c      0x980 Middlewares/Third_Party/FreeRTOS/Source/CMSIS_RTOS_V2/cmsis_os2.o
 .debug_frame   0x00000000000035bc       0xd8 Middlewares/Third_Party/FreeRTOS/Source/list.o
 .debug_frame   0x0000000000003694      0x5ec Middlewares/Third_Party/FreeRTOS/Source/queue.o
 .debug_frame   0x0000000000003c80      0x8a8 Middlewares/Third_Party/FreeRTOS/Source/tasks.o
 .debug_frame   0x0000000000004528      0x3b4 Middlewares/Third_Party/FreeRTOS/Source/timers.o
 .debug_frame   0x00000000000048dc      0x198 Middlewares/Third_Party/FreeRTOS/Source/portable/GCC/ARM_CM3/port.o
 .debug_frame   0x0000000000004a74      0x108 Middlewares/Third_Party/FreeRTOS/Source/portable/MemMang/heap_4.o
 .debug_frame   0x0000000000004b7c       0x2c /home/igor/stm32cubeide/plugins/com.st.stm32cube.ide.mcu.externaltools.gnu-tools-for-stm32.7-2018-q2-update.linux64_1.4.0.202007081208/tools/bin/../lib/gcc/arm-none-eabi/7.3.1/../../../../arm-none-eabi/lib/thumb/v7-m/libc_nano.a(lib_a-init.o)
 .debug_frame   0x0000000000004ba8       0x28 /home/igor/stm32cubeide/plugins/com.st.stm32cube.ide.mcu.externaltools.gnu-tools-for-stm32.7-2018-q2-update.linux64_1.4.0.202007081208/tools/bin/../lib/gcc/arm-none-eabi/7.3.1/../../../../arm-none-eabi/lib/thumb/v7-m/libc_nano.a(lib_a-memcpy-stub.o)
 .debug_frame   0x0000000000004bd0       0x20 /home/igor/stm32cubeide/plugins/com.st.stm32cube.ide.mcu.externaltools.gnu-tools-for-stm32.7-2018-q2-update.linux64_1.4.0.202007081208/tools/bin/../lib/gcc/arm-none-eabi/7.3.1/../../../../arm-none-eabi/lib/thumb/v7-m/libc_nano.a(lib_a-memset.o)
 .debug_frame   0x0000000000004bf0       0x4c /home/igor/stm32cubeide/plugins/com.st.stm32cube.ide.mcu.externaltools.gnu-tools-for-stm32.7-2018-q2-update.linux64_1.4.0.202007081208/tools/bin/../lib/gcc/arm-none-eabi/7.3.1/thumb/v7-m/libgcc.a(_arm_addsubsf3.o)
 .debug_frame   0x0000000000004c3c       0x38 /home/igor/stm32cubeide/plugins/com.st.stm32cube.ide.mcu.externaltools.gnu-tools-for-stm32.7-2018-q2-update.linux64_1.4.0.202007081208/tools/bin/../lib/gcc/arm-none-eabi/7.3.1/thumb/v7-m/libgcc.a(_arm_muldivsf3.o)
 .debug_frame   0x0000000000004c74       0xc8 /home/igor/stm32cubeide/plugins/com.st.stm32cube.ide.mcu.externaltools.gnu-tools-for-stm32.7-2018-q2-update.linux64_1.4.0.202007081208/tools/bin/../lib/gcc/arm-none-eabi/7.3.1/thumb/v7-m/libgcc.a(_arm_cmpsf2.o)
 .debug_frame   0x0000000000004d3c       0x24 /home/igor/stm32cubeide/plugins/com.st.stm32cube.ide.mcu.externaltools.gnu-tools-for-stm32.7-2018-q2-update.linux64_1.4.0.202007081208/tools/bin/../lib/gcc/arm-none-eabi/7.3.1/thumb/v7-m/libgcc.a(_arm_fixunssfsi.o)
