main.c:150:7:calculate_pwm	40	static
main.c:171:5:main	8	static
main.c:274:6:SystemClock_Config	72	static
main.c:313:13:MX_CAN_Init	8	static
main.c:350:13:MX_TIM1_Init	32	static
main.c:396:13:MX_TIM2_Init	64	static
main.c:455:13:MX_GPIO_Init	40	static
main.c:497:6:rotate_ccw	32	static
main.c:511:6:rotate_cw	32	static
main.c:526:6:reduce_speed_ccw	16	static
main.c:544:6:reduce_speed_cw	16	static
main.c:562:6:stop_movement	8	static
main.c:578:6:StartDefaultTask	16	static
main.c:633:6:StartTask02	16	static
main.c:651:6:StartTask03	16	static
main.c:673:6:HAL_TIM_PeriodElapsedCallback	24	static
main.c:694:6:Error_Handler	4	static
