main.c:145:7:calculate_pwm	40	static
main.c:166:5:main	8	static
main.c:269:6:SystemClock_Config	72	static
main.c:308:13:MX_CAN_Init	8	static
main.c:345:13:MX_TIM1_Init	32	static
main.c:391:13:MX_TIM2_Init	64	static
main.c:450:13:MX_GPIO_Init	40	static
main.c:492:6:rotate_ccw	32	static
main.c:506:6:rotate_cw	32	static
main.c:521:6:reduce_speed_ccw	16	static
main.c:539:6:reduce_speed_cw	16	static
main.c:557:6:stop_movement	8	static
main.c:573:6:StartDefaultTask	16	static
main.c:628:6:StartTask02	16	static
main.c:646:6:StartTask03	16	static
main.c:668:6:HAL_TIM_PeriodElapsedCallback	24	static
main.c:688:6:Error_Handler	4	static
